

================================================================
== Report Version
================================================================
* Tool:          Vivado(TM) HLS - High-Level Synthesis from C, C++ and SystemC
* Version:       2012.4
* Build date:    Fri Dec 07 12:41:34 PM 2012
* Copyright (C): 2012 Xilinx Inc. All rights reserved.


================================================================
== General Information
================================================================
* Project:  matrix_mul
* Solution: solution1
* Date:     Mon Dec 07 20:23:33 2015



================================================================
== User Assignments
================================================================
* Product Family:           zynq zynq_fpv6 
* Part:                     xc7z020clg484-1
* Top Model name:           matrix_mul_thread
* Target clock period (ns): 10.00
* Clock uncertainty (ns):   3.00


================================================================
== Performance Estimates
================================================================
+ Summary of timing analysis: 
    * Estimated clock period (ns): 6.36
+ Summary of overall latency (clock cycles): 
    * Best-case latency:    ?
    * Average-case latency: ?
    * Worst-case latency:   ?
+ Summary of loop latency (clock cycles): 
    + Loop 1: 
        * Trip count:        inf
        * Latency:           ?
        * Iteration latency: ?
        + Loop 1.1: 
            * Trip count: 90000
            * Latency:    ?
            + Loop 1.1.1: 
                * Trip count: ?
                * Latency:    ?
        + Loop 1.2: 
            * Trip count: 90000
            * Latency:    ?
            + Loop 1.2.1: 
                * Trip count: ?
                * Latency:    ?
        + L1: 
            * Trip count: 300
            * Latency:    14580600
            + L2: 
                * Trip count: 300
                * Latency:    48600
        + Loop 1.4: 
            * Trip count: 90000
            * Latency:    ?
            + Loop 1.4.1: 
                * Trip count: ?
                * Latency:    ?


================================================================
== Area Estimates
================================================================
* Summary: 
(Target device: xc7z020clg484-1)
+---+-----------------+---------+-------+--------+-------+-------+
| ID|             Name| BRAM_18K| DSP48E|      FF|    LUT|  SLICE|
+---+-----------------+---------+-------+--------+-------+-------+
|  0|        Component|        -|     48|     540|    252|      -|
|  1|       Expression|        -|      -|       0|  13272|      -|
|  2|             FIFO|        -|      -|       -|      -|      -|
|  3|           Memory|        -|      -|       -|      -|      -|
|  4|      Multiplexer|        -|      -|       -|   3906|      -|
|  5|         Register|        -|      -|    9837|      -|      -|
|  6|      ShiftMemory|        -|      -|       -|      -|      -|
+---+-----------------+---------+-------+--------+-------+-------+
|  -|            Total|        0|     48|   10377|  17430|      0|
+---+-----------------+---------+-------+--------+-------+-------+
|  -|        Available|      280|    220|  106400|  53200|  13300|
+---+-----------------+---------+-------+--------+-------+-------+
|  -|  Utilization (%)|        0|     21|       9|     32|      0|
+---+-----------------+---------+-------+--------+-------+-------+

+ Details: 
    * Component: 
    +---+---------------------------------------------------------------+-------+----+----+
    | ID|                                                           Name| DSP48E|  FF| LUT|
    +---+---------------------------------------------------------------+-------+----+----+
    |  0|   matrix_mul_mul_32s_32s_32_6_U1 (matrix_mul_mul_32s_32s_32_6)|      4|  45|  21|
    |  1|  matrix_mul_mul_32s_32s_32_6_U10 (matrix_mul_mul_32s_32s_32_6)|      4|  45|  21|
    |  2|  matrix_mul_mul_32s_32s_32_6_U11 (matrix_mul_mul_32s_32s_32_6)|      4|  45|  21|
    |  3|  matrix_mul_mul_32s_32s_32_6_U12 (matrix_mul_mul_32s_32s_32_6)|      4|  45|  21|
    |  4|   matrix_mul_mul_32s_32s_32_6_U2 (matrix_mul_mul_32s_32s_32_6)|      4|  45|  21|
    |  5|   matrix_mul_mul_32s_32s_32_6_U3 (matrix_mul_mul_32s_32s_32_6)|      4|  45|  21|
    |  6|   matrix_mul_mul_32s_32s_32_6_U4 (matrix_mul_mul_32s_32s_32_6)|      4|  45|  21|
    |  7|   matrix_mul_mul_32s_32s_32_6_U5 (matrix_mul_mul_32s_32s_32_6)|      4|  45|  21|
    |  8|   matrix_mul_mul_32s_32s_32_6_U6 (matrix_mul_mul_32s_32s_32_6)|      4|  45|  21|
    |  9|   matrix_mul_mul_32s_32s_32_6_U7 (matrix_mul_mul_32s_32s_32_6)|      4|  45|  21|
    | 10|   matrix_mul_mul_32s_32s_32_6_U8 (matrix_mul_mul_32s_32s_32_6)|      4|  45|  21|
    | 11|   matrix_mul_mul_32s_32s_32_6_U9 (matrix_mul_mul_32s_32s_32_6)|      4|  45|  21|
    +---+---------------------------------------------------------------+-------+----+----+
    |  -|                                                          Total|     48| 540| 252|
    +---+---------------------------------------------------------------+-------+----+----+

    * Expression: 
    +---+------------------------------------------+-----+-----+---+-----+
    | ID|                                      Name|   P0|   P1| FF|  LUT|
    +---+------------------------------------------+-----+-----+---+-----+
    |  0|           exitcond5_fu_13824_p2 ( icmp ) |   17|   17|  0|   21|
    |  1|           exitcond6_fu_10088_p2 ( icmp ) |    9|    9|  0|   10|
    |  2|            exitcond7_fu_6689_p2 ( icmp ) |    9|    9|  0|   10|
    |  3|            exitcond8_fu_6622_p2 ( icmp ) |   17|   17|  0|   21|
    |  4|             exitcond_fu_6655_p2 ( icmp ) |   17|   17|  0|   21|
    |  5|                     grp_fu_6225_p2 ( + ) |   32|   32|  0|   32|
    |  6|                     grp_fu_6231_p2 ( + ) |   32|   32|  0|   32|
    |  7|                     grp_fu_6237_p2 ( + ) |   32|   32|  0|   32|
    |  8|                     grp_fu_6243_p2 ( + ) |   32|   32|  0|   32|
    |  9|                     grp_fu_6249_p2 ( + ) |   32|   32|  0|   32|
    | 10|                     grp_fu_6255_p2 ( + ) |   32|   32|  0|   32|
    | 11|                     grp_fu_6261_p2 ( + ) |   32|   32|  0|   32|
    | 12|                     grp_fu_6267_p2 ( + ) |   32|   32|  0|   32|
    | 13|                     grp_fu_6273_p2 ( + ) |   32|   32|  0|   32|
    | 14|                     grp_fu_6279_p2 ( + ) |   32|   32|  0|   32|
    | 15|                     grp_fu_6285_p2 ( + ) |   32|   32|  0|   32|
    | 16|                     grp_fu_6291_p2 ( + ) |   32|   32|  0|   32|
    | 17|                     grp_fu_6297_p2 ( + ) |   32|   32|  0|   32|
    | 18|                     grp_fu_6303_p2 ( + ) |   32|   32|  0|   32|
    | 19|                     grp_fu_6309_p2 ( + ) |   32|   32|  0|   32|
    | 20|                     grp_fu_6315_p2 ( + ) |   32|   32|  0|   32|
    | 21|                     grp_fu_6321_p2 ( + ) |   32|   32|  0|   32|
    | 22|                     grp_fu_6327_p2 ( + ) |   32|   32|  0|   32|
    | 23|                     grp_fu_6333_p2 ( + ) |   32|   32|  0|   32|
    | 24|                     grp_fu_6339_p2 ( + ) |   32|   32|  0|   32|
    | 25|                     grp_fu_6345_p2 ( + ) |   32|   32|  0|   32|
    | 26|                     grp_fu_6351_p2 ( + ) |   32|   32|  0|   32|
    | 27|                     grp_fu_6357_p2 ( + ) |   32|   32|  0|   32|
    | 28|                     grp_fu_6363_p2 ( + ) |   32|   32|  0|   32|
    | 29|                     grp_fu_6465_p2 ( + ) |   32|   32|  0|   32|
    | 30|                     grp_fu_6471_p2 ( + ) |   32|   32|  0|   32|
    | 31|                     grp_fu_6477_p2 ( + ) |   32|   32|  0|   32|
    | 32|                     grp_fu_6483_p2 ( + ) |   32|   32|  0|   32|
    | 33|                     grp_fu_6489_p2 ( + ) |   32|   32|  0|   32|
    | 34|                     grp_fu_6495_p2 ( + ) |   32|   32|  0|   32|
    | 35|                     grp_fu_6501_p2 ( + ) |   32|   32|  0|   32|
    | 36|                     grp_fu_6507_p2 ( + ) |   32|   32|  0|   32|
    | 37|                     grp_fu_6513_p2 ( + ) |   32|   32|  0|   32|
    | 38|                     grp_fu_6519_p2 ( + ) |   32|   32|  0|   32|
    | 39|                     grp_fu_6525_p2 ( + ) |   32|   32|  0|   32|
    | 40|                     grp_fu_6531_p2 ( + ) |   32|   32|  0|   32|
    | 41|                     grp_fu_6537_p2 ( + ) |   32|   32|  0|   32|
    | 42|                     grp_fu_6543_p2 ( + ) |   32|   32|  0|   32|
    | 43|                     grp_fu_6549_p2 ( + ) |   32|   32|  0|   32|
    | 44|                     grp_fu_6555_p2 ( + ) |   32|   32|  0|   32|
    | 45|                     grp_fu_6577_p2 ( + ) |   32|   32|  0|   32|
    | 46|                     grp_fu_6583_p2 ( + ) |   32|   32|  0|   32|
    | 47|                     grp_fu_6589_p2 ( + ) |   32|   32|  0|   32|
    | 48|                     grp_fu_6595_p2 ( + ) |   32|   32|  0|   32|
    | 49|                     i_3_fu_6628_p2 ( + ) |   17|    1|  0|   17|
    | 50|                     i_5_fu_6661_p2 ( + ) |   17|    1|  0|   17|
    | 51|                     i_6_fu_6695_p2 ( + ) |    9|    1|  0|    9|
    | 52|                    i_7_fu_13830_p2 ( + ) |   17|    1|  0|   17|
    | 53|                    j_1_fu_10094_p2 ( + ) |    9|    1|  0|    9|
    | 54|                        m_result_d0 ( + ) |   32|   32|  0|   32|
    | 55|                next_mul_fu_6683_p2 ( + ) |   17|    9|  0|   17|
    | 56|   ptData32_assign_4_rec_fu_6644_p2 ( + ) |   17|   17|  0|   17|
    | 57|   ptData32_assign_7_rec_fu_6677_p2 ( + ) |   17|   17|  0|   17|
    | 58|  ptData32_assign_8_rec_fu_13846_p2 ( + ) |   17|   17|  0|   17|
    | 59|                 tmp103_fu_11705_p2 ( + ) |   32|   32|  0|   32|
    | 60|                  tmp10_fu_11306_p2 ( + ) |   32|   32|  0|   32|
    | 61|                 tmp112_fu_11680_p2 ( + ) |   32|   32|  0|   32|
    | 62|                 tmp115_fu_11715_p2 ( + ) |   32|   32|  0|   32|
    | 63|                  tmp11_fu_10792_p2 ( + ) |   32|   32|  0|   32|
    | 64|                 tmp120_fu_11801_p2 ( + ) |   32|   32|  0|   32|
    | 65|                 tmp121_fu_12159_p2 ( + ) |   32|   32|  0|   32|
    | 66|                 tmp122_fu_11931_p2 ( + ) |   32|   32|  0|   32|
    | 67|                  tmp12_fu_10525_p2 ( + ) |   32|   32|  0|   32|
    | 68|                 tmp131_fu_11906_p2 ( + ) |   32|   32|  0|   32|
    | 69|                 tmp134_fu_11935_p2 ( + ) |   32|   32|  0|   32|
    | 70|                 tmp139_fu_12001_p2 ( + ) |   32|   32|  0|   32|
    | 71|                 tmp140_fu_12155_p2 ( + ) |   32|   32|  0|   32|
    | 72|                 tmp149_fu_12122_p2 ( + ) |   32|   32|  0|   32|
    | 73|                 tmp158_fu_13805_p2 ( + ) |   32|   32|  0|   32|
    | 74|                 tmp159_fu_13211_p2 ( + ) |   32|   32|  0|   32|
    | 75|                 tmp160_fu_12721_p2 ( + ) |   32|   32|  0|   32|
    | 76|                 tmp161_fu_12425_p2 ( + ) |   32|   32|  0|   32|
    | 77|                 tmp178_fu_12716_p2 ( + ) |   32|   32|  0|   32|
    | 78|                 tmp187_fu_12683_p2 ( + ) |   32|   32|  0|   32|
    | 79|                 tmp190_fu_12726_p2 ( + ) |   32|   32|  0|   32|
    | 80|                 tmp195_fu_12816_p2 ( + ) |   32|   32|  0|   32|
    | 81|                 tmp196_fu_13186_p2 ( + ) |   32|   32|  0|   32|
    | 82|                 tmp197_fu_12962_p2 ( + ) |   32|   32|  0|   32|
    | 83|                   tmp1_fu_10285_p2 ( + ) |   32|   32|  0|   32|
    | 84|                 tmp206_fu_12937_p2 ( + ) |   32|   32|  0|   32|
    | 85|                 tmp209_fu_12966_p2 ( + ) |   32|   32|  0|   32|
    | 86|                 tmp214_fu_13052_p2 ( + ) |   32|   32|  0|   32|
    | 87|                 tmp215_fu_13182_p2 ( + ) |   32|   32|  0|   32|
    | 88|                 tmp224_fu_13157_p2 ( + ) |   32|   32|  0|   32|
    | 89|                 tmp233_fu_13801_p2 ( + ) |   32|   32|  0|   32|
    | 90|                 tmp234_fu_13571_p2 ( + ) |   32|   32|  0|   32|
    | 91|                 tmp235_fu_13375_p2 ( + ) |   32|   32|  0|   32|
    | 92|                 tmp252_fu_13566_p2 ( + ) |   32|   32|  0|   32|
    | 93|                 tmp261_fu_13541_p2 ( + ) |   32|   32|  0|   32|
    | 94|                 tmp264_fu_13576_p2 ( + ) |   32|   32|  0|   32|
    | 95|                 tmp269_fu_13662_p2 ( + ) |   32|   32|  0|   32|
    | 96|                 tmp270_fu_13796_p2 ( + ) |   32|   32|  0|   32|
    | 97|                 tmp271_fu_13772_p2 ( + ) |   32|   32|  0|   32|
    | 98|                 tmp280_fu_13767_p2 ( + ) |   32|   32|  0|   32|
    | 99|                 tmp283_fu_13776_p2 ( + ) |   32|   32|  0|   32|
    |100|                 tmp288_fu_13782_p2 ( + ) |   32|   32|  0|   32|
    |101|                 tmp289_fu_13792_p2 ( + ) |   32|   32|  0|   32|
    |102|                 tmp298_fu_13787_p2 ( + ) |   32|   32|  0|   32|
    |103|                  tmp29_fu_10787_p2 ( + ) |   32|   32|  0|   32|
    |104|                  tmp38_fu_10762_p2 ( + ) |   32|   32|  0|   32|
    |105|                   tmp3_fu_10311_p2 ( + ) |   32|   32|  0|   32|
    |106|                  tmp41_fu_10797_p2 ( + ) |   32|   32|  0|   32|
    |107|                  tmp46_fu_10863_p2 ( + ) |   32|   32|  0|   32|
    |108|                  tmp47_fu_11273_p2 ( + ) |   32|   32|  0|   32|
    |109|                  tmp48_fu_10993_p2 ( + ) |   32|   32|  0|   32|
    |110|                  tmp57_fu_10968_p2 ( + ) |   32|   32|  0|   32|
    |111|                  tmp60_fu_10997_p2 ( + ) |   32|   32|  0|   32|
    |112|                  tmp65_fu_11091_p2 ( + ) |   32|   32|  0|   32|
    |113|                  tmp66_fu_11269_p2 ( + ) |   32|   32|  0|   32|
    |114|                  tmp75_fu_11236_p2 ( + ) |   32|   32|  0|   32|
    |115|                  tmp84_fu_12192_p2 ( + ) |   32|   32|  0|   32|
    |116|                  tmp85_fu_11710_p2 ( + ) |   32|   32|  0|   32|
    |117|                  tmp86_fu_11514_p2 ( + ) |   32|   32|  0|   32|
    |118|                   tmp8_fu_10420_p2 ( + ) |   32|   32|  0|   32|
    |119|                   tmp9_fu_12196_p2 ( + ) |   32|   32|  0|   32|
    |120|                  tmp_1_fu_10117_p2 ( + ) |   17|   17|  0|   17|
    |121|               tmp_2_100_fu_7806_p2 ( + ) |   17|    7|  0|   17|
    |122|               tmp_2_101_fu_7817_p2 ( + ) |   17|    7|  0|   17|
    |123|               tmp_2_102_fu_7828_p2 ( + ) |   17|    7|  0|   17|
    |124|               tmp_2_103_fu_7839_p2 ( + ) |   17|    7|  0|   17|
    |125|               tmp_2_104_fu_7850_p2 ( + ) |   17|    7|  0|   17|
    |126|               tmp_2_105_fu_7861_p2 ( + ) |   17|    7|  0|   17|
    |127|               tmp_2_106_fu_7872_p2 ( + ) |   17|    7|  0|   17|
    |128|               tmp_2_107_fu_7883_p2 ( + ) |   17|    7|  0|   17|
    |129|               tmp_2_108_fu_7894_p2 ( + ) |   17|    7|  0|   17|
    |130|               tmp_2_109_fu_7905_p2 ( + ) |   17|    7|  0|   17|
    |131|                tmp_2_10_fu_6816_p2 ( + ) |   17|    4|  0|   17|
    |132|               tmp_2_110_fu_7916_p2 ( + ) |   17|    7|  0|   17|
    |133|               tmp_2_111_fu_7927_p2 ( + ) |   17|    7|  0|   17|
    |134|               tmp_2_112_fu_7938_p2 ( + ) |   17|    7|  0|   17|
    |135|               tmp_2_113_fu_7949_p2 ( + ) |   17|    7|  0|   17|
    |136|               tmp_2_114_fu_7960_p2 ( + ) |   17|    7|  0|   17|
    |137|               tmp_2_115_fu_7971_p2 ( + ) |   17|    7|  0|   17|
    |138|               tmp_2_116_fu_7982_p2 ( + ) |   17|    7|  0|   17|
    |139|               tmp_2_117_fu_7993_p2 ( + ) |   17|    7|  0|   17|
    |140|               tmp_2_118_fu_8004_p2 ( + ) |   17|    7|  0|   17|
    |141|               tmp_2_119_fu_8015_p2 ( + ) |   17|    7|  0|   17|
    |142|                tmp_2_11_fu_6827_p2 ( + ) |   17|    4|  0|   17|
    |143|               tmp_2_120_fu_8026_p2 ( + ) |   17|    7|  0|   17|
    |144|               tmp_2_121_fu_8037_p2 ( + ) |   17|    7|  0|   17|
    |145|               tmp_2_122_fu_8048_p2 ( + ) |   17|    7|  0|   17|
    |146|               tmp_2_123_fu_8059_p2 ( + ) |   17|    7|  0|   17|
    |147|               tmp_2_124_fu_8070_p2 ( + ) |   17|    7|  0|   17|
    |148|               tmp_2_125_fu_8081_p2 ( + ) |   17|    7|  0|   17|
    |149|               tmp_2_126_fu_8092_p2 ( + ) |   17|    7|  0|   17|
    |150|               tmp_2_127_fu_8103_p2 ( + ) |   17|    8|  0|   17|
    |151|               tmp_2_128_fu_8114_p2 ( + ) |   17|    8|  0|   17|
    |152|               tmp_2_129_fu_8125_p2 ( + ) |   17|    8|  0|   17|
    |153|                tmp_2_12_fu_6838_p2 ( + ) |   17|    4|  0|   17|
    |154|               tmp_2_130_fu_8136_p2 ( + ) |   17|    8|  0|   17|
    |155|               tmp_2_131_fu_8147_p2 ( + ) |   17|    8|  0|   17|
    |156|               tmp_2_132_fu_8158_p2 ( + ) |   17|    8|  0|   17|
    |157|               tmp_2_133_fu_8169_p2 ( + ) |   17|    8|  0|   17|
    |158|               tmp_2_134_fu_8180_p2 ( + ) |   17|    8|  0|   17|
    |159|               tmp_2_135_fu_8191_p2 ( + ) |   17|    8|  0|   17|
    |160|               tmp_2_136_fu_8202_p2 ( + ) |   17|    8|  0|   17|
    |161|               tmp_2_137_fu_8213_p2 ( + ) |   17|    8|  0|   17|
    |162|               tmp_2_138_fu_8224_p2 ( + ) |   17|    8|  0|   17|
    |163|               tmp_2_139_fu_8235_p2 ( + ) |   17|    8|  0|   17|
    |164|                tmp_2_13_fu_6849_p2 ( + ) |   17|    4|  0|   17|
    |165|               tmp_2_140_fu_8246_p2 ( + ) |   17|    8|  0|   17|
    |166|               tmp_2_141_fu_8257_p2 ( + ) |   17|    8|  0|   17|
    |167|               tmp_2_142_fu_8268_p2 ( + ) |   17|    8|  0|   17|
    |168|               tmp_2_143_fu_8279_p2 ( + ) |   17|    8|  0|   17|
    |169|               tmp_2_144_fu_8290_p2 ( + ) |   17|    8|  0|   17|
    |170|               tmp_2_145_fu_8301_p2 ( + ) |   17|    8|  0|   17|
    |171|               tmp_2_146_fu_8312_p2 ( + ) |   17|    8|  0|   17|
    |172|               tmp_2_147_fu_8323_p2 ( + ) |   17|    8|  0|   17|
    |173|               tmp_2_148_fu_8334_p2 ( + ) |   17|    8|  0|   17|
    |174|               tmp_2_149_fu_8345_p2 ( + ) |   17|    8|  0|   17|
    |175|                tmp_2_14_fu_6860_p2 ( + ) |   17|    4|  0|   17|
    |176|               tmp_2_150_fu_8356_p2 ( + ) |   17|    8|  0|   17|
    |177|               tmp_2_151_fu_8367_p2 ( + ) |   17|    8|  0|   17|
    |178|               tmp_2_152_fu_8378_p2 ( + ) |   17|    8|  0|   17|
    |179|               tmp_2_153_fu_8389_p2 ( + ) |   17|    8|  0|   17|
    |180|               tmp_2_154_fu_8400_p2 ( + ) |   17|    8|  0|   17|
    |181|               tmp_2_155_fu_8411_p2 ( + ) |   17|    8|  0|   17|
    |182|               tmp_2_156_fu_8422_p2 ( + ) |   17|    8|  0|   17|
    |183|               tmp_2_157_fu_8433_p2 ( + ) |   17|    8|  0|   17|
    |184|               tmp_2_158_fu_8444_p2 ( + ) |   17|    8|  0|   17|
    |185|               tmp_2_159_fu_8455_p2 ( + ) |   17|    8|  0|   17|
    |186|                tmp_2_15_fu_6871_p2 ( + ) |   17|    5|  0|   17|
    |187|               tmp_2_160_fu_8466_p2 ( + ) |   17|    8|  0|   17|
    |188|               tmp_2_161_fu_8477_p2 ( + ) |   17|    8|  0|   17|
    |189|               tmp_2_162_fu_8488_p2 ( + ) |   17|    8|  0|   17|
    |190|               tmp_2_163_fu_8499_p2 ( + ) |   17|    8|  0|   17|
    |191|               tmp_2_164_fu_8510_p2 ( + ) |   17|    8|  0|   17|
    |192|               tmp_2_165_fu_8521_p2 ( + ) |   17|    8|  0|   17|
    |193|               tmp_2_166_fu_8532_p2 ( + ) |   17|    8|  0|   17|
    |194|               tmp_2_167_fu_8543_p2 ( + ) |   17|    8|  0|   17|
    |195|               tmp_2_168_fu_8554_p2 ( + ) |   17|    8|  0|   17|
    |196|               tmp_2_169_fu_8565_p2 ( + ) |   17|    8|  0|   17|
    |197|                tmp_2_16_fu_6882_p2 ( + ) |   17|    5|  0|   17|
    |198|               tmp_2_170_fu_8576_p2 ( + ) |   17|    8|  0|   17|
    |199|               tmp_2_171_fu_8587_p2 ( + ) |   17|    8|  0|   17|
    |200|               tmp_2_172_fu_8598_p2 ( + ) |   17|    8|  0|   17|
    |201|               tmp_2_173_fu_8609_p2 ( + ) |   17|    8|  0|   17|
    |202|               tmp_2_174_fu_8620_p2 ( + ) |   17|    8|  0|   17|
    |203|               tmp_2_175_fu_8631_p2 ( + ) |   17|    8|  0|   17|
    |204|               tmp_2_176_fu_8642_p2 ( + ) |   17|    8|  0|   17|
    |205|               tmp_2_177_fu_8653_p2 ( + ) |   17|    8|  0|   17|
    |206|               tmp_2_178_fu_8664_p2 ( + ) |   17|    8|  0|   17|
    |207|               tmp_2_179_fu_8675_p2 ( + ) |   17|    8|  0|   17|
    |208|                tmp_2_17_fu_6893_p2 ( + ) |   17|    5|  0|   17|
    |209|               tmp_2_180_fu_8686_p2 ( + ) |   17|    8|  0|   17|
    |210|               tmp_2_181_fu_8697_p2 ( + ) |   17|    8|  0|   17|
    |211|               tmp_2_182_fu_8708_p2 ( + ) |   17|    8|  0|   17|
    |212|               tmp_2_183_fu_8719_p2 ( + ) |   17|    8|  0|   17|
    |213|               tmp_2_184_fu_8730_p2 ( + ) |   17|    8|  0|   17|
    |214|               tmp_2_185_fu_8741_p2 ( + ) |   17|    8|  0|   17|
    |215|               tmp_2_186_fu_8752_p2 ( + ) |   17|    8|  0|   17|
    |216|               tmp_2_187_fu_8763_p2 ( + ) |   17|    8|  0|   17|
    |217|               tmp_2_188_fu_8774_p2 ( + ) |   17|    8|  0|   17|
    |218|               tmp_2_189_fu_8785_p2 ( + ) |   17|    8|  0|   17|
    |219|                tmp_2_18_fu_6904_p2 ( + ) |   17|    5|  0|   17|
    |220|               tmp_2_190_fu_8796_p2 ( + ) |   17|    8|  0|   17|
    |221|               tmp_2_191_fu_8807_p2 ( + ) |   17|    8|  0|   17|
    |222|               tmp_2_192_fu_8818_p2 ( + ) |   17|    8|  0|   17|
    |223|               tmp_2_193_fu_8829_p2 ( + ) |   17|    8|  0|   17|
    |224|               tmp_2_194_fu_8840_p2 ( + ) |   17|    8|  0|   17|
    |225|               tmp_2_195_fu_8851_p2 ( + ) |   17|    8|  0|   17|
    |226|               tmp_2_196_fu_8862_p2 ( + ) |   17|    8|  0|   17|
    |227|               tmp_2_197_fu_8873_p2 ( + ) |   17|    8|  0|   17|
    |228|               tmp_2_198_fu_8884_p2 ( + ) |   17|    8|  0|   17|
    |229|               tmp_2_199_fu_8895_p2 ( + ) |   17|    8|  0|   17|
    |230|                tmp_2_19_fu_6915_p2 ( + ) |   17|    5|  0|   17|
    |231|                tmp_2_1_fu_6717_p2 ( or ) |   17|    2|  0|   22|
    |232|               tmp_2_200_fu_8906_p2 ( + ) |   17|    8|  0|   17|
    |233|               tmp_2_201_fu_8917_p2 ( + ) |   17|    8|  0|   17|
    |234|               tmp_2_202_fu_8928_p2 ( + ) |   17|    8|  0|   17|
    |235|               tmp_2_203_fu_8939_p2 ( + ) |   17|    8|  0|   17|
    |236|               tmp_2_204_fu_8950_p2 ( + ) |   17|    8|  0|   17|
    |237|               tmp_2_205_fu_8961_p2 ( + ) |   17|    8|  0|   17|
    |238|               tmp_2_206_fu_8972_p2 ( + ) |   17|    8|  0|   17|
    |239|               tmp_2_207_fu_8983_p2 ( + ) |   17|    8|  0|   17|
    |240|               tmp_2_208_fu_8994_p2 ( + ) |   17|    8|  0|   17|
    |241|               tmp_2_209_fu_9005_p2 ( + ) |   17|    8|  0|   17|
    |242|                tmp_2_20_fu_6926_p2 ( + ) |   17|    5|  0|   17|
    |243|               tmp_2_210_fu_9016_p2 ( + ) |   17|    8|  0|   17|
    |244|               tmp_2_211_fu_9027_p2 ( + ) |   17|    8|  0|   17|
    |245|               tmp_2_212_fu_9038_p2 ( + ) |   17|    8|  0|   17|
    |246|               tmp_2_213_fu_9049_p2 ( + ) |   17|    8|  0|   17|
    |247|               tmp_2_214_fu_9060_p2 ( + ) |   17|    8|  0|   17|
    |248|               tmp_2_215_fu_9071_p2 ( + ) |   17|    8|  0|   17|
    |249|               tmp_2_216_fu_9082_p2 ( + ) |   17|    8|  0|   17|
    |250|               tmp_2_217_fu_9093_p2 ( + ) |   17|    8|  0|   17|
    |251|               tmp_2_218_fu_9104_p2 ( + ) |   17|    8|  0|   17|
    |252|               tmp_2_219_fu_9115_p2 ( + ) |   17|    8|  0|   17|
    |253|                tmp_2_21_fu_6937_p2 ( + ) |   17|    5|  0|   17|
    |254|               tmp_2_220_fu_9126_p2 ( + ) |   17|    8|  0|   17|
    |255|               tmp_2_221_fu_9137_p2 ( + ) |   17|    8|  0|   17|
    |256|               tmp_2_222_fu_9148_p2 ( + ) |   17|    8|  0|   17|
    |257|               tmp_2_223_fu_9159_p2 ( + ) |   17|    8|  0|   17|
    |258|               tmp_2_224_fu_9170_p2 ( + ) |   17|    8|  0|   17|
    |259|               tmp_2_225_fu_9181_p2 ( + ) |   17|    8|  0|   17|
    |260|               tmp_2_226_fu_9192_p2 ( + ) |   17|    8|  0|   17|
    |261|               tmp_2_227_fu_9203_p2 ( + ) |   17|    8|  0|   17|
    |262|               tmp_2_228_fu_9214_p2 ( + ) |   17|    8|  0|   17|
    |263|               tmp_2_229_fu_9225_p2 ( + ) |   17|    8|  0|   17|
    |264|                tmp_2_22_fu_6948_p2 ( + ) |   17|    5|  0|   17|
    |265|               tmp_2_230_fu_9236_p2 ( + ) |   17|    8|  0|   17|
    |266|               tmp_2_231_fu_9247_p2 ( + ) |   17|    8|  0|   17|
    |267|               tmp_2_232_fu_9258_p2 ( + ) |   17|    8|  0|   17|
    |268|               tmp_2_233_fu_9269_p2 ( + ) |   17|    8|  0|   17|
    |269|               tmp_2_234_fu_9280_p2 ( + ) |   17|    8|  0|   17|
    |270|               tmp_2_235_fu_9291_p2 ( + ) |   17|    8|  0|   17|
    |271|               tmp_2_236_fu_9302_p2 ( + ) |   17|    8|  0|   17|
    |272|               tmp_2_237_fu_9313_p2 ( + ) |   17|    8|  0|   17|
    |273|               tmp_2_238_fu_9324_p2 ( + ) |   17|    8|  0|   17|
    |274|               tmp_2_239_fu_9335_p2 ( + ) |   17|    8|  0|   17|
    |275|                tmp_2_23_fu_6959_p2 ( + ) |   17|    5|  0|   17|
    |276|               tmp_2_240_fu_9346_p2 ( + ) |   17|    8|  0|   17|
    |277|               tmp_2_241_fu_9357_p2 ( + ) |   17|    8|  0|   17|
    |278|               tmp_2_242_fu_9368_p2 ( + ) |   17|    8|  0|   17|
    |279|               tmp_2_243_fu_9379_p2 ( + ) |   17|    8|  0|   17|
    |280|               tmp_2_244_fu_9390_p2 ( + ) |   17|    8|  0|   17|
    |281|               tmp_2_245_fu_9401_p2 ( + ) |   17|    8|  0|   17|
    |282|               tmp_2_246_fu_9412_p2 ( + ) |   17|    8|  0|   17|
    |283|               tmp_2_247_fu_9423_p2 ( + ) |   17|    8|  0|   17|
    |284|               tmp_2_248_fu_9434_p2 ( + ) |   17|    8|  0|   17|
    |285|               tmp_2_249_fu_9445_p2 ( + ) |   17|    8|  0|   17|
    |286|                tmp_2_24_fu_6970_p2 ( + ) |   17|    5|  0|   17|
    |287|               tmp_2_250_fu_9456_p2 ( + ) |   17|    8|  0|   17|
    |288|               tmp_2_251_fu_9467_p2 ( + ) |   17|    8|  0|   17|
    |289|               tmp_2_252_fu_9478_p2 ( + ) |   17|    8|  0|   17|
    |290|               tmp_2_253_fu_9489_p2 ( + ) |   17|    8|  0|   17|
    |291|               tmp_2_254_fu_9500_p2 ( + ) |   17|    8|  0|   17|
    |292|               tmp_2_255_fu_9511_p2 ( + ) |   17|    9|  0|   17|
    |293|               tmp_2_256_fu_9522_p2 ( + ) |   17|    9|  0|   17|
    |294|               tmp_2_257_fu_9533_p2 ( + ) |   17|    9|  0|   17|
    |295|               tmp_2_258_fu_9544_p2 ( + ) |   17|    9|  0|   17|
    |296|               tmp_2_259_fu_9555_p2 ( + ) |   17|    9|  0|   17|
    |297|                tmp_2_25_fu_6981_p2 ( + ) |   17|    5|  0|   17|
    |298|               tmp_2_260_fu_9566_p2 ( + ) |   17|    9|  0|   17|
    |299|               tmp_2_261_fu_9577_p2 ( + ) |   17|    9|  0|   17|
    |300|               tmp_2_262_fu_9588_p2 ( + ) |   17|    9|  0|   17|
    |301|               tmp_2_263_fu_9599_p2 ( + ) |   17|    9|  0|   17|
    |302|               tmp_2_264_fu_9610_p2 ( + ) |   17|    9|  0|   17|
    |303|               tmp_2_265_fu_9621_p2 ( + ) |   17|    9|  0|   17|
    |304|               tmp_2_266_fu_9632_p2 ( + ) |   17|    9|  0|   17|
    |305|               tmp_2_267_fu_9643_p2 ( + ) |   17|    9|  0|   17|
    |306|               tmp_2_268_fu_9654_p2 ( + ) |   17|    9|  0|   17|
    |307|               tmp_2_269_fu_9665_p2 ( + ) |   17|    9|  0|   17|
    |308|                tmp_2_26_fu_6992_p2 ( + ) |   17|    5|  0|   17|
    |309|               tmp_2_270_fu_9676_p2 ( + ) |   17|    9|  0|   17|
    |310|               tmp_2_271_fu_9687_p2 ( + ) |   17|    9|  0|   17|
    |311|               tmp_2_272_fu_9698_p2 ( + ) |   17|    9|  0|   17|
    |312|               tmp_2_273_fu_9709_p2 ( + ) |   17|    9|  0|   17|
    |313|               tmp_2_274_fu_9720_p2 ( + ) |   17|    9|  0|   17|
    |314|               tmp_2_275_fu_9731_p2 ( + ) |   17|    9|  0|   17|
    |315|               tmp_2_276_fu_9742_p2 ( + ) |   17|    9|  0|   17|
    |316|               tmp_2_277_fu_9753_p2 ( + ) |   17|    9|  0|   17|
    |317|               tmp_2_278_fu_9764_p2 ( + ) |   17|    9|  0|   17|
    |318|               tmp_2_279_fu_9775_p2 ( + ) |   17|    9|  0|   17|
    |319|                tmp_2_27_fu_7003_p2 ( + ) |   17|    5|  0|   17|
    |320|               tmp_2_280_fu_9786_p2 ( + ) |   17|    9|  0|   17|
    |321|               tmp_2_281_fu_9797_p2 ( + ) |   17|    9|  0|   17|
    |322|               tmp_2_282_fu_9808_p2 ( + ) |   17|    9|  0|   17|
    |323|               tmp_2_283_fu_9819_p2 ( + ) |   17|    9|  0|   17|
    |324|               tmp_2_284_fu_9830_p2 ( + ) |   17|    9|  0|   17|
    |325|               tmp_2_285_fu_9841_p2 ( + ) |   17|    9|  0|   17|
    |326|               tmp_2_286_fu_9852_p2 ( + ) |   17|    9|  0|   17|
    |327|               tmp_2_287_fu_9863_p2 ( + ) |   17|    9|  0|   17|
    |328|               tmp_2_288_fu_9874_p2 ( + ) |   17|    9|  0|   17|
    |329|               tmp_2_289_fu_9885_p2 ( + ) |   17|    9|  0|   17|
    |330|                tmp_2_28_fu_7014_p2 ( + ) |   17|    5|  0|   17|
    |331|               tmp_2_290_fu_9896_p2 ( + ) |   17|    9|  0|   17|
    |332|               tmp_2_291_fu_9907_p2 ( + ) |   17|    9|  0|   17|
    |333|               tmp_2_292_fu_9918_p2 ( + ) |   17|    9|  0|   17|
    |334|               tmp_2_293_fu_9929_p2 ( + ) |   17|    9|  0|   17|
    |335|               tmp_2_294_fu_9940_p2 ( + ) |   17|    9|  0|   17|
    |336|               tmp_2_295_fu_9951_p2 ( + ) |   17|    9|  0|   17|
    |337|               tmp_2_296_fu_9962_p2 ( + ) |   17|    9|  0|   17|
    |338|               tmp_2_297_fu_9973_p2 ( + ) |   17|    9|  0|   17|
    |339|               tmp_2_298_fu_9984_p2 ( + ) |   17|    9|  0|   17|
    |340|                tmp_2_29_fu_7025_p2 ( + ) |   17|    5|  0|   17|
    |341|                tmp_2_2_fu_6728_p2 ( or ) |   17|    2|  0|   22|
    |342|                tmp_2_30_fu_7036_p2 ( + ) |   17|    5|  0|   17|
    |343|                tmp_2_31_fu_7047_p2 ( + ) |   17|    6|  0|   17|
    |344|                tmp_2_32_fu_7058_p2 ( + ) |   17|    6|  0|   17|
    |345|                tmp_2_33_fu_7069_p2 ( + ) |   17|    6|  0|   17|
    |346|                tmp_2_34_fu_7080_p2 ( + ) |   17|    6|  0|   17|
    |347|                tmp_2_35_fu_7091_p2 ( + ) |   17|    6|  0|   17|
    |348|                tmp_2_36_fu_7102_p2 ( + ) |   17|    6|  0|   17|
    |349|                tmp_2_37_fu_7113_p2 ( + ) |   17|    6|  0|   17|
    |350|                tmp_2_38_fu_7124_p2 ( + ) |   17|    6|  0|   17|
    |351|                tmp_2_39_fu_7135_p2 ( + ) |   17|    6|  0|   17|
    |352|                 tmp_2_3_fu_6805_p2 ( + ) |   17|    4|  0|   17|
    |353|                tmp_2_40_fu_7146_p2 ( + ) |   17|    6|  0|   17|
    |354|                tmp_2_41_fu_7157_p2 ( + ) |   17|    6|  0|   17|
    |355|                tmp_2_42_fu_7168_p2 ( + ) |   17|    6|  0|   17|
    |356|                tmp_2_43_fu_7179_p2 ( + ) |   17|    6|  0|   17|
    |357|                tmp_2_44_fu_7190_p2 ( + ) |   17|    6|  0|   17|
    |358|                tmp_2_45_fu_7201_p2 ( + ) |   17|    6|  0|   17|
    |359|                tmp_2_46_fu_7212_p2 ( + ) |   17|    6|  0|   17|
    |360|                tmp_2_47_fu_7223_p2 ( + ) |   17|    6|  0|   17|
    |361|                tmp_2_48_fu_7234_p2 ( + ) |   17|    6|  0|   17|
    |362|                tmp_2_49_fu_7245_p2 ( + ) |   17|    6|  0|   17|
    |363|                 tmp_2_4_fu_6739_p2 ( + ) |   17|    3|  0|   17|
    |364|                tmp_2_50_fu_7256_p2 ( + ) |   17|    6|  0|   17|
    |365|                tmp_2_51_fu_7267_p2 ( + ) |   17|    6|  0|   17|
    |366|                tmp_2_52_fu_7278_p2 ( + ) |   17|    6|  0|   17|
    |367|                tmp_2_53_fu_7289_p2 ( + ) |   17|    6|  0|   17|
    |368|                tmp_2_54_fu_7300_p2 ( + ) |   17|    6|  0|   17|
    |369|                tmp_2_55_fu_7311_p2 ( + ) |   17|    6|  0|   17|
    |370|                tmp_2_56_fu_7322_p2 ( + ) |   17|    6|  0|   17|
    |371|                tmp_2_57_fu_7333_p2 ( + ) |   17|    6|  0|   17|
    |372|                tmp_2_58_fu_7344_p2 ( + ) |   17|    6|  0|   17|
    |373|                tmp_2_59_fu_7355_p2 ( + ) |   17|    6|  0|   17|
    |374|                 tmp_2_5_fu_6750_p2 ( + ) |   17|    3|  0|   17|
    |375|                tmp_2_60_fu_7366_p2 ( + ) |   17|    6|  0|   17|
    |376|                tmp_2_61_fu_7377_p2 ( + ) |   17|    6|  0|   17|
    |377|                tmp_2_62_fu_7388_p2 ( + ) |   17|    6|  0|   17|
    |378|                tmp_2_63_fu_7399_p2 ( + ) |   17|    7|  0|   17|
    |379|                tmp_2_64_fu_7410_p2 ( + ) |   17|    7|  0|   17|
    |380|                tmp_2_65_fu_7421_p2 ( + ) |   17|    7|  0|   17|
    |381|                tmp_2_66_fu_7432_p2 ( + ) |   17|    7|  0|   17|
    |382|                tmp_2_67_fu_7443_p2 ( + ) |   17|    7|  0|   17|
    |383|                tmp_2_68_fu_7454_p2 ( + ) |   17|    7|  0|   17|
    |384|                tmp_2_69_fu_7465_p2 ( + ) |   17|    7|  0|   17|
    |385|                 tmp_2_6_fu_6761_p2 ( + ) |   17|    3|  0|   17|
    |386|                tmp_2_70_fu_7476_p2 ( + ) |   17|    7|  0|   17|
    |387|                tmp_2_71_fu_7487_p2 ( + ) |   17|    7|  0|   17|
    |388|                tmp_2_72_fu_7498_p2 ( + ) |   17|    7|  0|   17|
    |389|                tmp_2_73_fu_7509_p2 ( + ) |   17|    7|  0|   17|
    |390|                tmp_2_74_fu_7520_p2 ( + ) |   17|    7|  0|   17|
    |391|                tmp_2_75_fu_7531_p2 ( + ) |   17|    7|  0|   17|
    |392|                tmp_2_76_fu_7542_p2 ( + ) |   17|    7|  0|   17|
    |393|                tmp_2_77_fu_7553_p2 ( + ) |   17|    7|  0|   17|
    |394|                tmp_2_78_fu_7564_p2 ( + ) |   17|    7|  0|   17|
    |395|                tmp_2_79_fu_7575_p2 ( + ) |   17|    7|  0|   17|
    |396|                 tmp_2_7_fu_6772_p2 ( + ) |   17|    3|  0|   17|
    |397|                tmp_2_80_fu_7586_p2 ( + ) |   17|    7|  0|   17|
    |398|                tmp_2_81_fu_7597_p2 ( + ) |   17|    7|  0|   17|
    |399|                tmp_2_82_fu_7608_p2 ( + ) |   17|    7|  0|   17|
    |400|                tmp_2_83_fu_7619_p2 ( + ) |   17|    7|  0|   17|
    |401|                tmp_2_84_fu_7630_p2 ( + ) |   17|    7|  0|   17|
    |402|                tmp_2_85_fu_7641_p2 ( + ) |   17|    7|  0|   17|
    |403|                tmp_2_86_fu_7652_p2 ( + ) |   17|    7|  0|   17|
    |404|                tmp_2_87_fu_7663_p2 ( + ) |   17|    7|  0|   17|
    |405|                tmp_2_88_fu_7674_p2 ( + ) |   17|    7|  0|   17|
    |406|                tmp_2_89_fu_7685_p2 ( + ) |   17|    7|  0|   17|
    |407|                 tmp_2_8_fu_6783_p2 ( + ) |   17|    4|  0|   17|
    |408|                tmp_2_90_fu_7696_p2 ( + ) |   17|    7|  0|   17|
    |409|                tmp_2_91_fu_7707_p2 ( + ) |   17|    7|  0|   17|
    |410|                tmp_2_92_fu_7718_p2 ( + ) |   17|    7|  0|   17|
    |411|                tmp_2_93_fu_7729_p2 ( + ) |   17|    7|  0|   17|
    |412|                tmp_2_94_fu_7740_p2 ( + ) |   17|    7|  0|   17|
    |413|                tmp_2_95_fu_7751_p2 ( + ) |   17|    7|  0|   17|
    |414|                tmp_2_96_fu_7762_p2 ( + ) |   17|    7|  0|   17|
    |415|                tmp_2_97_fu_7773_p2 ( + ) |   17|    7|  0|   17|
    |416|                tmp_2_98_fu_7784_p2 ( + ) |   17|    7|  0|   17|
    |417|                tmp_2_99_fu_7795_p2 ( + ) |   17|    7|  0|   17|
    |418|                 tmp_2_9_fu_6794_p2 ( + ) |   17|    4|  0|   17|
    |419|                tmp_2_s_fu_6706_p2 ( or ) |   17|    1|  0|   22|
    |420|                tmp_3_fu_6634_p2 ( icmp ) |   17|   17|  0|   21|
    |421|              tmp_5_100_fu_11352_p2 ( + ) |   13|   13|  0|   13|
    |422|              tmp_5_101_fu_11366_p2 ( + ) |   13|   13|  0|   13|
    |423|              tmp_5_102_fu_11380_p2 ( + ) |   12|   12|  0|   12|
    |424|              tmp_5_103_fu_11394_p2 ( + ) |   12|   12|  0|   12|
    |425|              tmp_5_104_fu_11408_p2 ( + ) |   12|   12|  0|   12|
    |426|              tmp_5_105_fu_11422_p2 ( + ) |   11|   11|  0|   11|
    |427|              tmp_5_106_fu_11436_p2 ( + ) |   11|   11|  0|   11|
    |428|              tmp_5_107_fu_11450_p2 ( + ) |   10|   10|  0|   10|
    |429|              tmp_5_108_fu_11464_p2 ( + ) |   16|   15|  0|   16|
    |430|              tmp_5_109_fu_11474_p2 ( + ) |   16|   16|  0|   16|
    |431|               tmp_5_10_fu_10207_p2 ( + ) |   11|   11|  0|   11|
    |432|              tmp_5_110_fu_11484_p2 ( + ) |   16|   16|  0|   16|
    |433|              tmp_5_111_fu_11494_p2 ( + ) |   16|   16|  0|   16|
    |434|              tmp_5_112_fu_11504_p2 ( + ) |   16|   16|  0|   16|
    |435|              tmp_5_113_fu_11520_p2 ( + ) |   16|   16|  0|   16|
    |436|              tmp_5_114_fu_11530_p2 ( + ) |   16|   16|  0|   16|
    |437|              tmp_5_115_fu_11540_p2 ( + ) |   16|   16|  0|   16|
    |438|              tmp_5_116_fu_11550_p2 ( + ) |   16|   16|  0|   16|
    |439|              tmp_5_117_fu_11560_p2 ( + ) |   16|   16|  0|   16|
    |440|              tmp_5_118_fu_11570_p2 ( + ) |   16|   16|  0|   16|
    |441|              tmp_5_119_fu_11580_p2 ( + ) |   16|   16|  0|   16|
    |442|               tmp_5_11_fu_10221_p2 ( + ) |   10|   10|  0|   10|
    |443|              tmp_5_120_fu_11590_p2 ( + ) |   16|   16|  0|   16|
    |444|              tmp_5_121_fu_11600_p2 ( + ) |   16|   16|  0|   16|
    |445|              tmp_5_122_fu_11610_p2 ( + ) |   16|   16|  0|   16|
    |446|              tmp_5_123_fu_11620_p2 ( + ) |   16|   16|  0|   16|
    |447|              tmp_5_124_fu_11630_p2 ( + ) |   16|   16|  0|   16|
    |448|              tmp_5_125_fu_11640_p2 ( + ) |   16|   16|  0|   16|
    |449|              tmp_5_126_fu_11650_p2 ( + ) |   16|   16|  0|   16|
    |450|             tmp_5_127_fu_11660_p2 ( or ) |   16|   16|  0|   20|
    |451|              tmp_5_128_fu_11670_p2 ( + ) |   16|   16|  0|   16|
    |452|              tmp_5_129_fu_11685_p2 ( + ) |   16|   16|  0|   16|
    |453|               tmp_5_12_fu_10235_p2 ( + ) |   13|   12|  0|   13|
    |454|              tmp_5_130_fu_11695_p2 ( + ) |   16|   16|  0|   16|
    |455|              tmp_5_131_fu_11721_p2 ( + ) |   16|   16|  0|   16|
    |456|              tmp_5_132_fu_11731_p2 ( + ) |   16|   16|  0|   16|
    |457|              tmp_5_133_fu_11741_p2 ( + ) |   16|   16|  0|   16|
    |458|              tmp_5_134_fu_11751_p2 ( + ) |   16|   16|  0|   16|
    |459|              tmp_5_135_fu_11761_p2 ( + ) |   16|   16|  0|   16|
    |460|              tmp_5_136_fu_11771_p2 ( + ) |   16|   16|  0|   16|
    |461|              tmp_5_137_fu_11781_p2 ( + ) |   16|   16|  0|   16|
    |462|              tmp_5_138_fu_11791_p2 ( + ) |   16|   16|  0|   16|
    |463|              tmp_5_139_fu_11806_p2 ( + ) |   16|   16|  0|   16|
    |464|               tmp_5_13_fu_10245_p2 ( + ) |   13|   13|  0|   13|
    |465|              tmp_5_140_fu_11816_p2 ( + ) |   16|   16|  0|   16|
    |466|              tmp_5_141_fu_11826_p2 ( + ) |   16|   16|  0|   16|
    |467|              tmp_5_142_fu_11836_p2 ( + ) |   16|   16|  0|   16|
    |468|              tmp_5_143_fu_11846_p2 ( + ) |   16|   16|  0|   16|
    |469|              tmp_5_144_fu_11856_p2 ( + ) |   16|   16|  0|   16|
    |470|              tmp_5_145_fu_11866_p2 ( + ) |   16|   16|  0|   16|
    |471|              tmp_5_146_fu_11876_p2 ( + ) |   16|   16|  0|   16|
    |472|              tmp_5_147_fu_11886_p2 ( + ) |   16|   16|  0|   16|
    |473|              tmp_5_148_fu_11896_p2 ( + ) |   16|   16|  0|   16|
    |474|              tmp_5_149_fu_11911_p2 ( + ) |   16|   16|  0|   16|
    |475|               tmp_5_14_fu_10255_p2 ( + ) |   13|   13|  0|   13|
    |476|              tmp_5_150_fu_11921_p2 ( + ) |   16|   16|  0|   16|
    |477|              tmp_5_151_fu_11941_p2 ( + ) |   16|   16|  0|   16|
    |478|              tmp_5_152_fu_11951_p2 ( + ) |   16|   16|  0|   16|
    |479|              tmp_5_153_fu_11961_p2 ( + ) |   16|   16|  0|   16|
    |480|              tmp_5_154_fu_11971_p2 ( + ) |   16|   16|  0|   16|
    |481|              tmp_5_155_fu_11981_p2 ( + ) |   16|   16|  0|   16|
    |482|              tmp_5_156_fu_11991_p2 ( + ) |   16|   16|  0|   16|
    |483|              tmp_5_157_fu_12006_p2 ( + ) |   16|   16|  0|   16|
    |484|              tmp_5_158_fu_12016_p2 ( + ) |   16|   16|  0|   16|
    |485|              tmp_5_159_fu_12026_p2 ( + ) |   16|   16|  0|   16|
    |486|               tmp_5_15_fu_10265_p2 ( + ) |   13|   13|  0|   13|
    |487|              tmp_5_160_fu_12036_p2 ( + ) |   16|   16|  0|   16|
    |488|              tmp_5_161_fu_12046_p2 ( + ) |   16|   16|  0|   16|
    |489|              tmp_5_162_fu_12056_p2 ( + ) |   16|   16|  0|   16|
    |490|              tmp_5_163_fu_12066_p2 ( + ) |   15|   15|  0|   15|
    |491|              tmp_5_164_fu_12080_p2 ( + ) |   15|   15|  0|   15|
    |492|              tmp_5_165_fu_12094_p2 ( + ) |   15|   15|  0|   15|
    |493|              tmp_5_166_fu_12108_p2 ( + ) |   15|   15|  0|   15|
    |494|              tmp_5_167_fu_12127_p2 ( + ) |   15|   15|  0|   15|
    |495|              tmp_5_168_fu_12141_p2 ( + ) |   15|   15|  0|   15|
    |496|              tmp_5_169_fu_12164_p2 ( + ) |   15|   15|  0|   15|
    |497|               tmp_5_16_fu_10275_p2 ( + ) |   13|   13|  0|   13|
    |498|              tmp_5_170_fu_12178_p2 ( + ) |   15|   15|  0|   15|
    |499|              tmp_5_171_fu_12201_p2 ( + ) |   15|   15|  0|   15|
    |500|              tmp_5_172_fu_12215_p2 ( + ) |   15|   15|  0|   15|
    |501|              tmp_5_173_fu_12229_p2 ( + ) |   15|   15|  0|   15|
    |502|              tmp_5_174_fu_12243_p2 ( + ) |   15|   15|  0|   15|
    |503|              tmp_5_175_fu_12257_p2 ( + ) |   15|   15|  0|   15|
    |504|              tmp_5_176_fu_12271_p2 ( + ) |   15|   15|  0|   15|
    |505|              tmp_5_177_fu_12285_p2 ( + ) |   15|   15|  0|   15|
    |506|              tmp_5_178_fu_12299_p2 ( + ) |   15|   15|  0|   15|
    |507|              tmp_5_179_fu_12313_p2 ( + ) |   15|   15|  0|   15|
    |508|               tmp_5_17_fu_10291_p2 ( + ) |   13|   13|  0|   13|
    |509|              tmp_5_180_fu_12327_p2 ( + ) |   15|   15|  0|   15|
    |510|              tmp_5_181_fu_12341_p2 ( + ) |   15|   15|  0|   15|
    |511|              tmp_5_182_fu_12355_p2 ( + ) |   15|   15|  0|   15|
    |512|              tmp_5_183_fu_12369_p2 ( + ) |   15|   15|  0|   15|
    |513|              tmp_5_184_fu_12383_p2 ( + ) |   15|   15|  0|   15|
    |514|              tmp_5_185_fu_12397_p2 ( + ) |   15|   15|  0|   15|
    |515|              tmp_5_186_fu_12411_p2 ( + ) |   15|   15|  0|   15|
    |516|              tmp_5_187_fu_12431_p2 ( + ) |   15|   15|  0|   15|
    |517|              tmp_5_188_fu_12445_p2 ( + ) |   15|   15|  0|   15|
    |518|              tmp_5_189_fu_12459_p2 ( + ) |   15|   15|  0|   15|
    |519|               tmp_5_18_fu_10301_p2 ( + ) |   13|   13|  0|   13|
    |520|              tmp_5_190_fu_12473_p2 ( + ) |   15|   15|  0|   15|
    |521|              tmp_5_191_fu_12487_p2 ( + ) |   14|   14|  0|   14|
    |522|              tmp_5_192_fu_12501_p2 ( + ) |   14|   14|  0|   14|
    |523|              tmp_5_193_fu_12515_p2 ( + ) |   14|   14|  0|   14|
    |524|              tmp_5_194_fu_12529_p2 ( + ) |   14|   14|  0|   14|
    |525|              tmp_5_195_fu_12543_p2 ( + ) |   14|   14|  0|   14|
    |526|              tmp_5_196_fu_12557_p2 ( + ) |   14|   14|  0|   14|
    |527|              tmp_5_197_fu_12571_p2 ( + ) |   14|   14|  0|   14|
    |528|              tmp_5_198_fu_12585_p2 ( + ) |   14|   14|  0|   14|
    |529|              tmp_5_199_fu_12599_p2 ( + ) |   14|   14|  0|   14|
    |530|               tmp_5_19_fu_10316_p2 ( + ) |   13|   13|  0|   13|
    |531|                tmp_5_1_fu_10100_p2 ( + ) |   10|    9|  0|   10|
    |532|              tmp_5_200_fu_12613_p2 ( + ) |   14|   14|  0|   14|
    |533|              tmp_5_201_fu_12627_p2 ( + ) |   14|   14|  0|   14|
    |534|              tmp_5_202_fu_12641_p2 ( + ) |   14|   14|  0|   14|
    |535|              tmp_5_203_fu_12655_p2 ( + ) |   14|   14|  0|   14|
    |536|              tmp_5_204_fu_12669_p2 ( + ) |   13|   13|  0|   13|
    |537|              tmp_5_205_fu_12688_p2 ( + ) |   13|   13|  0|   13|
    |538|              tmp_5_206_fu_12702_p2 ( + ) |   13|   13|  0|   13|
    |539|              tmp_5_207_fu_12732_p2 ( + ) |   13|   13|  0|   13|
    |540|              tmp_5_208_fu_12746_p2 ( + ) |   13|   13|  0|   13|
    |541|              tmp_5_209_fu_12760_p2 ( + ) |   13|   13|  0|   13|
    |542|               tmp_5_20_fu_10326_p2 ( + ) |   12|   12|  0|   12|
    |543|              tmp_5_210_fu_12774_p2 ( + ) |   13|   13|  0|   13|
    |544|              tmp_5_211_fu_12788_p2 ( + ) |   12|   12|  0|   12|
    |545|              tmp_5_212_fu_12802_p2 ( + ) |   12|   12|  0|   12|
    |546|              tmp_5_213_fu_12821_p2 ( + ) |   12|   12|  0|   12|
    |547|              tmp_5_214_fu_12835_p2 ( + ) |   12|   12|  0|   12|
    |548|              tmp_5_215_fu_12849_p2 ( + ) |   11|   11|  0|   11|
    |549|              tmp_5_216_fu_12863_p2 ( + ) |   10|   10|  0|   10|
    |550|              tmp_5_217_fu_12877_p2 ( + ) |   17|   16|  0|   17|
    |551|              tmp_5_218_fu_12887_p2 ( + ) |   17|   17|  0|   17|
    |552|              tmp_5_219_fu_12897_p2 ( + ) |   17|   17|  0|   17|
    |553|               tmp_5_21_fu_10340_p2 ( + ) |   12|   12|  0|   12|
    |554|              tmp_5_220_fu_12907_p2 ( + ) |   17|   17|  0|   17|
    |555|              tmp_5_221_fu_12917_p2 ( + ) |   17|   17|  0|   17|
    |556|              tmp_5_222_fu_12927_p2 ( + ) |   17|   17|  0|   17|
    |557|              tmp_5_223_fu_12942_p2 ( + ) |   17|   17|  0|   17|
    |558|              tmp_5_224_fu_12952_p2 ( + ) |   17|   17|  0|   17|
    |559|              tmp_5_225_fu_12972_p2 ( + ) |   17|   17|  0|   17|
    |560|              tmp_5_226_fu_12982_p2 ( + ) |   17|   17|  0|   17|
    |561|              tmp_5_227_fu_12992_p2 ( + ) |   17|   17|  0|   17|
    |562|              tmp_5_228_fu_13002_p2 ( + ) |   17|   17|  0|   17|
    |563|              tmp_5_229_fu_13012_p2 ( + ) |   17|   17|  0|   17|
    |564|               tmp_5_22_fu_10354_p2 ( + ) |   12|   12|  0|   12|
    |565|              tmp_5_230_fu_13022_p2 ( + ) |   17|   17|  0|   17|
    |566|              tmp_5_231_fu_13032_p2 ( + ) |   17|   17|  0|   17|
    |567|              tmp_5_232_fu_13042_p2 ( + ) |   17|   17|  0|   17|
    |568|              tmp_5_233_fu_13057_p2 ( + ) |   17|   17|  0|   17|
    |569|              tmp_5_234_fu_13067_p2 ( + ) |   17|   17|  0|   17|
    |570|              tmp_5_235_fu_13077_p2 ( + ) |   17|   17|  0|   17|
    |571|              tmp_5_236_fu_13087_p2 ( + ) |   17|   17|  0|   17|
    |572|              tmp_5_237_fu_13097_p2 ( + ) |   17|   17|  0|   17|
    |573|              tmp_5_238_fu_13107_p2 ( + ) |   17|   17|  0|   17|
    |574|              tmp_5_239_fu_13117_p2 ( + ) |   17|   17|  0|   17|
    |575|               tmp_5_23_fu_10368_p2 ( + ) |   11|   11|  0|   11|
    |576|              tmp_5_240_fu_13127_p2 ( + ) |   17|   17|  0|   17|
    |577|              tmp_5_241_fu_13137_p2 ( + ) |   17|   17|  0|   17|
    |578|              tmp_5_242_fu_13147_p2 ( + ) |   17|   17|  0|   17|
    |579|              tmp_5_243_fu_13162_p2 ( + ) |   17|   17|  0|   17|
    |580|              tmp_5_244_fu_13172_p2 ( + ) |   17|   17|  0|   17|
    |581|              tmp_5_245_fu_13191_p2 ( + ) |   17|   17|  0|   17|
    |582|              tmp_5_246_fu_13201_p2 ( + ) |   17|   17|  0|   17|
    |583|              tmp_5_247_fu_13215_p2 ( + ) |   17|   17|  0|   17|
    |584|              tmp_5_248_fu_13225_p2 ( + ) |   17|   17|  0|   17|
    |585|              tmp_5_249_fu_13235_p2 ( + ) |   17|   17|  0|   17|
    |586|               tmp_5_24_fu_10382_p2 ( + ) |   11|   11|  0|   11|
    |587|              tmp_5_250_fu_13245_p2 ( + ) |   17|   17|  0|   17|
    |588|              tmp_5_251_fu_13255_p2 ( + ) |   17|   17|  0|   17|
    |589|              tmp_5_252_fu_13265_p2 ( + ) |   17|   17|  0|   17|
    |590|              tmp_5_253_fu_13275_p2 ( + ) |   17|   17|  0|   17|
    |591|              tmp_5_254_fu_13285_p2 ( + ) |   17|   17|  0|   17|
    |592|             tmp_5_255_fu_13295_p2 ( or ) |   17|   17|  0|   22|
    |593|              tmp_5_256_fu_13305_p2 ( + ) |   17|   17|  0|   17|
    |594|              tmp_5_257_fu_13315_p2 ( + ) |   17|   17|  0|   17|
    |595|              tmp_5_258_fu_13325_p2 ( + ) |   17|   17|  0|   17|
    |596|              tmp_5_259_fu_13335_p2 ( + ) |   17|   17|  0|   17|
    |597|               tmp_5_25_fu_10396_p2 ( + ) |   10|   10|  0|   10|
    |598|              tmp_5_260_fu_13345_p2 ( + ) |   17|   17|  0|   17|
    |599|              tmp_5_261_fu_13355_p2 ( + ) |   17|   17|  0|   17|
    |600|              tmp_5_262_fu_13365_p2 ( + ) |   17|   17|  0|   17|
    |601|              tmp_5_263_fu_13381_p2 ( + ) |   17|   17|  0|   17|
    |602|              tmp_5_264_fu_13391_p2 ( + ) |   17|   17|  0|   17|
    |603|              tmp_5_265_fu_13401_p2 ( + ) |   17|   17|  0|   17|
    |604|              tmp_5_266_fu_13411_p2 ( + ) |   17|   17|  0|   17|
    |605|              tmp_5_267_fu_13421_p2 ( + ) |   17|   17|  0|   17|
    |606|              tmp_5_268_fu_13431_p2 ( + ) |   17|   17|  0|   17|
    |607|              tmp_5_269_fu_13441_p2 ( + ) |   17|   17|  0|   17|
    |608|               tmp_5_26_fu_10410_p2 ( + ) |   14|   13|  0|   14|
    |609|              tmp_5_270_fu_13451_p2 ( + ) |   17|   17|  0|   17|
    |610|              tmp_5_271_fu_13461_p2 ( + ) |   17|   17|  0|   17|
    |611|              tmp_5_272_fu_13471_p2 ( + ) |   17|   17|  0|   17|
    |612|              tmp_5_273_fu_13481_p2 ( + ) |   17|   17|  0|   17|
    |613|              tmp_5_274_fu_13491_p2 ( + ) |   17|   17|  0|   17|
    |614|              tmp_5_275_fu_13501_p2 ( + ) |   17|   17|  0|   17|
    |615|              tmp_5_276_fu_13511_p2 ( + ) |   17|   17|  0|   17|
    |616|              tmp_5_277_fu_13521_p2 ( + ) |   17|   17|  0|   17|
    |617|              tmp_5_278_fu_13531_p2 ( + ) |   17|   17|  0|   17|
    |618|              tmp_5_279_fu_13546_p2 ( + ) |   17|   17|  0|   17|
    |619|               tmp_5_27_fu_10425_p2 ( + ) |   14|   14|  0|   14|
    |620|              tmp_5_280_fu_13556_p2 ( + ) |   17|   17|  0|   17|
    |621|              tmp_5_281_fu_13582_p2 ( + ) |   17|   17|  0|   17|
    |622|              tmp_5_282_fu_13592_p2 ( + ) |   17|   17|  0|   17|
    |623|              tmp_5_283_fu_13602_p2 ( + ) |   17|   17|  0|   17|
    |624|              tmp_5_284_fu_13612_p2 ( + ) |   17|   17|  0|   17|
    |625|              tmp_5_285_fu_13622_p2 ( + ) |   17|   17|  0|   17|
    |626|              tmp_5_286_fu_13632_p2 ( + ) |   17|   17|  0|   17|
    |627|              tmp_5_287_fu_13642_p2 ( + ) |   17|   17|  0|   17|
    |628|              tmp_5_288_fu_13652_p2 ( + ) |   17|   17|  0|   17|
    |629|              tmp_5_289_fu_13667_p2 ( + ) |   17|   17|  0|   17|
    |630|               tmp_5_28_fu_10435_p2 ( + ) |   14|   14|  0|   14|
    |631|              tmp_5_290_fu_13677_p2 ( + ) |   17|   17|  0|   17|
    |632|              tmp_5_291_fu_13687_p2 ( + ) |   17|   17|  0|   17|
    |633|              tmp_5_292_fu_13697_p2 ( + ) |   17|   17|  0|   17|
    |634|              tmp_5_293_fu_13707_p2 ( + ) |   17|   17|  0|   17|
    |635|              tmp_5_294_fu_13717_p2 ( + ) |   17|   17|  0|   17|
    |636|              tmp_5_295_fu_13727_p2 ( + ) |   17|   17|  0|   17|
    |637|              tmp_5_296_fu_13737_p2 ( + ) |   17|   17|  0|   17|
    |638|              tmp_5_297_fu_13747_p2 ( + ) |   17|   17|  0|   17|
    |639|              tmp_5_298_fu_13757_p2 ( + ) |   17|   17|  0|   17|
    |640|               tmp_5_29_fu_10445_p2 ( + ) |   14|   14|  0|   14|
    |641|                tmp_5_2_fu_10111_p2 ( + ) |   10|   10|  0|   10|
    |642|               tmp_5_30_fu_10455_p2 ( + ) |   14|   14|  0|   14|
    |643|               tmp_5_31_fu_10465_p2 ( + ) |   14|   14|  0|   14|
    |644|               tmp_5_32_fu_10475_p2 ( + ) |   14|   14|  0|   14|
    |645|               tmp_5_33_fu_10485_p2 ( + ) |   14|   14|  0|   14|
    |646|               tmp_5_34_fu_10495_p2 ( + ) |   14|   14|  0|   14|
    |647|               tmp_5_35_fu_10505_p2 ( + ) |   14|   14|  0|   14|
    |648|               tmp_5_36_fu_10515_p2 ( + ) |   14|   14|  0|   14|
    |649|               tmp_5_37_fu_10530_p2 ( + ) |   14|   14|  0|   14|
    |650|               tmp_5_38_fu_10540_p2 ( + ) |   14|   14|  0|   14|
    |651|               tmp_5_39_fu_10550_p2 ( + ) |   14|   14|  0|   14|
    |652|                tmp_5_3_fu_10127_p2 ( + ) |   11|   10|  0|   11|
    |653|               tmp_5_40_fu_10560_p2 ( + ) |   13|   13|  0|   13|
    |654|               tmp_5_41_fu_10574_p2 ( + ) |   13|   13|  0|   13|
    |655|               tmp_5_42_fu_10588_p2 ( + ) |   13|   13|  0|   13|
    |656|               tmp_5_43_fu_10602_p2 ( + ) |   13|   13|  0|   13|
    |657|               tmp_5_44_fu_10616_p2 ( + ) |   13|   13|  0|   13|
    |658|               tmp_5_45_fu_10630_p2 ( + ) |   13|   13|  0|   13|
    |659|               tmp_5_46_fu_10644_p2 ( + ) |   13|   13|  0|   13|
    |660|               tmp_5_47_fu_10658_p2 ( + ) |   12|   12|  0|   12|
    |661|               tmp_5_48_fu_10672_p2 ( + ) |   12|   12|  0|   12|
    |662|               tmp_5_49_fu_10686_p2 ( + ) |   12|   12|  0|   12|
    |663|                tmp_5_4_fu_10137_p2 ( + ) |   11|   11|  0|   11|
    |664|               tmp_5_50_fu_10700_p2 ( + ) |   12|   12|  0|   12|
    |665|               tmp_5_51_fu_10714_p2 ( + ) |   11|   11|  0|   11|
    |666|               tmp_5_52_fu_10728_p2 ( + ) |   10|   10|  0|   10|
    |667|               tmp_5_53_fu_10742_p2 ( + ) |   15|   14|  0|   15|
    |668|               tmp_5_54_fu_10752_p2 ( + ) |   15|   15|  0|   15|
    |669|               tmp_5_55_fu_10767_p2 ( + ) |   15|   15|  0|   15|
    |670|               tmp_5_56_fu_10777_p2 ( + ) |   15|   15|  0|   15|
    |671|               tmp_5_57_fu_10803_p2 ( + ) |   15|   15|  0|   15|
    |672|               tmp_5_58_fu_10813_p2 ( + ) |   15|   15|  0|   15|
    |673|               tmp_5_59_fu_10823_p2 ( + ) |   15|   15|  0|   15|
    |674|                tmp_5_5_fu_10147_p2 ( + ) |   11|   11|  0|   11|
    |675|               tmp_5_60_fu_10833_p2 ( + ) |   15|   15|  0|   15|
    |676|               tmp_5_61_fu_10843_p2 ( + ) |   15|   15|  0|   15|
    |677|               tmp_5_62_fu_10853_p2 ( + ) |   15|   15|  0|   15|
    |678|               tmp_5_63_fu_10868_p2 ( + ) |   15|   15|  0|   15|
    |679|               tmp_5_64_fu_10878_p2 ( + ) |   15|   15|  0|   15|
    |680|               tmp_5_65_fu_10888_p2 ( + ) |   15|   15|  0|   15|
    |681|               tmp_5_66_fu_10898_p2 ( + ) |   15|   15|  0|   15|
    |682|               tmp_5_67_fu_10908_p2 ( + ) |   15|   15|  0|   15|
    |683|               tmp_5_68_fu_10918_p2 ( + ) |   15|   15|  0|   15|
    |684|               tmp_5_69_fu_10928_p2 ( + ) |   15|   15|  0|   15|
    |685|                tmp_5_6_fu_10157_p2 ( + ) |   12|   11|  0|   12|
    |686|               tmp_5_70_fu_10938_p2 ( + ) |   15|   15|  0|   15|
    |687|               tmp_5_71_fu_10948_p2 ( + ) |   15|   15|  0|   15|
    |688|               tmp_5_72_fu_10958_p2 ( + ) |   15|   15|  0|   15|
    |689|               tmp_5_73_fu_10973_p2 ( + ) |   15|   15|  0|   15|
    |690|               tmp_5_74_fu_10983_p2 ( + ) |   15|   15|  0|   15|
    |691|               tmp_5_75_fu_11003_p2 ( + ) |   15|   15|  0|   15|
    |692|               tmp_5_76_fu_11013_p2 ( + ) |   15|   15|  0|   15|
    |693|               tmp_5_77_fu_11023_p2 ( + ) |   15|   15|  0|   15|
    |694|               tmp_5_78_fu_11033_p2 ( + ) |   15|   15|  0|   15|
    |695|               tmp_5_79_fu_11043_p2 ( + ) |   15|   15|  0|   15|
    |696|                tmp_5_7_fu_10167_p2 ( + ) |   12|   12|  0|   12|
    |697|               tmp_5_80_fu_11053_p2 ( + ) |   15|   15|  0|   15|
    |698|               tmp_5_81_fu_11063_p2 ( + ) |   14|   14|  0|   14|
    |699|               tmp_5_82_fu_11077_p2 ( + ) |   14|   14|  0|   14|
    |700|               tmp_5_83_fu_11096_p2 ( + ) |   14|   14|  0|   14|
    |701|               tmp_5_84_fu_11110_p2 ( + ) |   14|   14|  0|   14|
    |702|               tmp_5_85_fu_11124_p2 ( + ) |   14|   14|  0|   14|
    |703|               tmp_5_86_fu_11138_p2 ( + ) |   14|   14|  0|   14|
    |704|               tmp_5_87_fu_11152_p2 ( + ) |   14|   14|  0|   14|
    |705|               tmp_5_88_fu_11166_p2 ( + ) |   14|   14|  0|   14|
    |706|               tmp_5_89_fu_11180_p2 ( + ) |   14|   14|  0|   14|
    |707|                tmp_5_8_fu_10177_p2 ( + ) |   12|   12|  0|   12|
    |708|               tmp_5_90_fu_11194_p2 ( + ) |   14|   14|  0|   14|
    |709|               tmp_5_91_fu_11208_p2 ( + ) |   14|   14|  0|   14|
    |710|               tmp_5_92_fu_11222_p2 ( + ) |   14|   14|  0|   14|
    |711|               tmp_5_93_fu_11241_p2 ( + ) |   14|   14|  0|   14|
    |712|               tmp_5_94_fu_11255_p2 ( + ) |   14|   14|  0|   14|
    |713|               tmp_5_95_fu_11278_p2 ( + ) |   13|   13|  0|   13|
    |714|               tmp_5_96_fu_11292_p2 ( + ) |   13|   13|  0|   13|
    |715|               tmp_5_97_fu_11310_p2 ( + ) |   13|   13|  0|   13|
    |716|               tmp_5_98_fu_11324_p2 ( + ) |   13|   13|  0|   13|
    |717|               tmp_5_99_fu_11338_p2 ( + ) |   13|   13|  0|   13|
    |718|                tmp_5_9_fu_10187_p2 ( + ) |   12|   12|  0|   12|
    |719|                tmp_5_s_fu_10197_p2 ( + ) |   12|   12|  0|   12|
    |720|                tmp_8_fu_6667_p2 ( icmp ) |   17|   17|  0|   21|
    |721|               tmp_s_fu_13836_p2 ( icmp ) |   17|   17|  0|   21|
    +---+------------------------------------------+-----+-----+---+-----+
    |  -|                                     Total|13222|10248|  0|13272|
    +---+------------------------------------------+-----+-----+---+-----+

    * FIFO: 
    N/A

    * Memory: 
    N/A

    * Multiplexer: 
    +---+--------------------------------+-----+-----+------+-----+
    | ID|                            Name| Size| Bits| Count|  LUT|
    +---+--------------------------------+-----+-----+------+-----+
    |  0|                 WriteDataPort_0|    2|   32|    64|   32|
    |  1|                       ap_NS_fsm|  179|    8|  1432|  456|
    |  2|                    i_1_reg_5938|    2|   17|    34|   17|
    |  3|                    i_2_reg_5950|    2|    9|    18|    9|
    |  4|                    i_4_reg_5996|    2|   17|    34|   17|
    |  5|                      i_reg_5914|    2|   17|    34|   17|
    |  6|                      j_reg_5973|    2|    9|    18|    9|
    |  7|             m_operand1_address0|  151|   17|  2567|  816|
    |  8|             m_operand1_address1|  150|   17|  2550|  816|
    |  9|             m_operand2_address0|  151|   17|  2567|  816|
    | 10|             m_operand2_address1|  150|   17|  2550|  816|
    | 11|               m_result_address0|    2|   17|    34|   17|
    | 12|                phi_mul_reg_5961|    2|   17|    34|   17|
    | 13|  ptData32_assign_1_rec_reg_5902|    2|   17|    34|   17|
    | 14|  ptData32_assign_3_rec_reg_5926|    2|   17|    34|   17|
    | 15|  ptData32_assign_6_rec_reg_5984|    2|   17|    34|   17|
    +---+--------------------------------+-----+-----+------+-----+
    |  -|                           Total|  803|  262| 12038| 3906|
    +---+--------------------------------+-----+-----+------+-----+

    * Register: 
    +---+---------------------------------+-----+-------+----+
    | ID|                             Name| Bits| Consts|  FF|
    +---+---------------------------------+-----+-------+----+
    |  0|                        ap_CS_fsm|    8|      0|   8|
    |  1|                     i_1_reg_5938|   17|      0|  17|
    |  2|                     i_2_reg_5950|    9|      0|   9|
    |  3|                    i_3_reg_13860|   17|      0|  17|
    |  4|                     i_4_reg_5996|   17|      0|  17|
    |  5|                    i_5_reg_13881|   17|      0|  17|
    |  6|                    i_6_reg_13902|    9|      0|   9|
    |  7|                    i_7_reg_17629|   17|      0|  17|
    |  8|                       i_reg_5914|   17|      0|  17|
    |  9|                    j_1_reg_15791|    9|      0|   9|
    | 10|                j_cast1_reg_15407|   17|      8|   9|
    | 11|          j_cast2_cast1_reg_15552|   13|      4|   9|
    | 12|          j_cast2_cast2_reg_15563|   14|      5|   9|
    | 13|           j_cast2_cast_reg_15580|   15|      6|   9|
    | 14|                j_cast2_reg_15493|   16|      7|   9|
    | 15|  j_cast314_cast1_cast1_reg_15624|   10|      1|   9|
    | 16|  j_cast314_cast1_cast2_reg_15632|   11|      2|   9|
    | 17|   j_cast314_cast1_cast_reg_15638|   12|      3|   9|
    | 18|        j_cast314_cast1_reg_15612|   13|      4|   9|
    | 19|  j_cast314_cast2_cast1_reg_15663|   11|      2|   9|
    | 20|  j_cast314_cast2_cast2_reg_15671|   12|      3|   9|
    | 21|   j_cast314_cast2_cast_reg_15679|   13|      4|   9|
    | 22|        j_cast314_cast2_reg_15645|   14|      5|   9|
    | 23|   j_cast314_cast_cast1_reg_15722|   12|      3|   9|
    | 24|   j_cast314_cast_cast2_reg_15733|   13|      4|   9|
    | 25|    j_cast314_cast_cast_reg_15744|   14|      5|   9|
    | 26|         j_cast314_cast_reg_15690|   15|      6|   9|
    | 27|          j_cast6_cast9_reg_15771|   10|      1|   9|
    | 28|           j_cast6_cast_reg_15776|   11|      2|   9|
    | 29|                j_cast6_reg_15762|   12|      3|   9|
    | 30|                j_cast7_reg_15781|   11|      2|   9|
    | 31|                       j_reg_5973|    9|      0|   9|
    | 32|    m_operand1_addr_100_reg_14407|   17|      0|  17|
    | 33|    m_operand1_addr_101_reg_14412|   17|      0|  17|
    | 34|    m_operand1_addr_102_reg_14417|   17|      0|  17|
    | 35|    m_operand1_addr_103_reg_14422|   17|      0|  17|
    | 36|    m_operand1_addr_104_reg_14427|   17|      0|  17|
    | 37|    m_operand1_addr_105_reg_14432|   17|      0|  17|
    | 38|    m_operand1_addr_106_reg_14437|   17|      0|  17|
    | 39|    m_operand1_addr_107_reg_14442|   17|      0|  17|
    | 40|    m_operand1_addr_108_reg_14447|   17|      0|  17|
    | 41|    m_operand1_addr_109_reg_14452|   17|      0|  17|
    | 42|     m_operand1_addr_10_reg_13957|   17|      0|  17|
    | 43|    m_operand1_addr_110_reg_14457|   17|      0|  17|
    | 44|    m_operand1_addr_111_reg_14462|   17|      0|  17|
    | 45|    m_operand1_addr_112_reg_14467|   17|      0|  17|
    | 46|    m_operand1_addr_113_reg_14472|   17|      0|  17|
    | 47|    m_operand1_addr_114_reg_14477|   17|      0|  17|
    | 48|    m_operand1_addr_115_reg_14482|   17|      0|  17|
    | 49|    m_operand1_addr_116_reg_14487|   17|      0|  17|
    | 50|    m_operand1_addr_117_reg_14492|   17|      0|  17|
    | 51|    m_operand1_addr_118_reg_14497|   17|      0|  17|
    | 52|    m_operand1_addr_119_reg_14502|   17|      0|  17|
    | 53|     m_operand1_addr_11_reg_13962|   17|      0|  17|
    | 54|    m_operand1_addr_120_reg_14507|   17|      0|  17|
    | 55|    m_operand1_addr_121_reg_14512|   17|      0|  17|
    | 56|    m_operand1_addr_122_reg_14517|   17|      0|  17|
    | 57|    m_operand1_addr_123_reg_14522|   17|      0|  17|
    | 58|    m_operand1_addr_124_reg_14527|   17|      0|  17|
    | 59|    m_operand1_addr_125_reg_14532|   17|      0|  17|
    | 60|    m_operand1_addr_126_reg_14537|   17|      0|  17|
    | 61|    m_operand1_addr_127_reg_14542|   17|      0|  17|
    | 62|    m_operand1_addr_128_reg_14547|   17|      0|  17|
    | 63|    m_operand1_addr_129_reg_14552|   17|      0|  17|
    | 64|     m_operand1_addr_12_reg_13967|   17|      0|  17|
    | 65|    m_operand1_addr_130_reg_14557|   17|      0|  17|
    | 66|    m_operand1_addr_131_reg_14562|   17|      0|  17|
    | 67|    m_operand1_addr_132_reg_14567|   17|      0|  17|
    | 68|    m_operand1_addr_133_reg_14572|   17|      0|  17|
    | 69|    m_operand1_addr_134_reg_14577|   17|      0|  17|
    | 70|    m_operand1_addr_135_reg_14582|   17|      0|  17|
    | 71|    m_operand1_addr_136_reg_14587|   17|      0|  17|
    | 72|    m_operand1_addr_137_reg_14592|   17|      0|  17|
    | 73|    m_operand1_addr_138_reg_14597|   17|      0|  17|
    | 74|    m_operand1_addr_139_reg_14602|   17|      0|  17|
    | 75|     m_operand1_addr_13_reg_13972|   17|      0|  17|
    | 76|    m_operand1_addr_140_reg_14607|   17|      0|  17|
    | 77|    m_operand1_addr_141_reg_14612|   17|      0|  17|
    | 78|    m_operand1_addr_142_reg_14617|   17|      0|  17|
    | 79|    m_operand1_addr_143_reg_14622|   17|      0|  17|
    | 80|    m_operand1_addr_144_reg_14627|   17|      0|  17|
    | 81|    m_operand1_addr_145_reg_14632|   17|      0|  17|
    | 82|    m_operand1_addr_146_reg_14637|   17|      0|  17|
    | 83|    m_operand1_addr_147_reg_14642|   17|      0|  17|
    | 84|    m_operand1_addr_148_reg_14647|   17|      0|  17|
    | 85|    m_operand1_addr_149_reg_14652|   17|      0|  17|
    | 86|     m_operand1_addr_14_reg_13977|   17|      0|  17|
    | 87|    m_operand1_addr_150_reg_14657|   17|      0|  17|
    | 88|    m_operand1_addr_151_reg_14662|   17|      0|  17|
    | 89|    m_operand1_addr_152_reg_14667|   17|      0|  17|
    | 90|    m_operand1_addr_153_reg_14672|   17|      0|  17|
    | 91|    m_operand1_addr_154_reg_14677|   17|      0|  17|
    | 92|    m_operand1_addr_155_reg_14682|   17|      0|  17|
    | 93|    m_operand1_addr_156_reg_14687|   17|      0|  17|
    | 94|    m_operand1_addr_157_reg_14692|   17|      0|  17|
    | 95|    m_operand1_addr_158_reg_14697|   17|      0|  17|
    | 96|    m_operand1_addr_159_reg_14702|   17|      0|  17|
    | 97|     m_operand1_addr_15_reg_13982|   17|      0|  17|
    | 98|    m_operand1_addr_160_reg_14707|   17|      0|  17|
    | 99|    m_operand1_addr_161_reg_14712|   17|      0|  17|
    |100|    m_operand1_addr_162_reg_14717|   17|      0|  17|
    |101|    m_operand1_addr_163_reg_14722|   17|      0|  17|
    |102|    m_operand1_addr_164_reg_14727|   17|      0|  17|
    |103|    m_operand1_addr_165_reg_14732|   17|      0|  17|
    |104|    m_operand1_addr_166_reg_14737|   17|      0|  17|
    |105|    m_operand1_addr_167_reg_14742|   17|      0|  17|
    |106|    m_operand1_addr_168_reg_14747|   17|      0|  17|
    |107|    m_operand1_addr_169_reg_14752|   17|      0|  17|
    |108|     m_operand1_addr_16_reg_13987|   17|      0|  17|
    |109|    m_operand1_addr_170_reg_14757|   17|      0|  17|
    |110|    m_operand1_addr_171_reg_14762|   17|      0|  17|
    |111|    m_operand1_addr_172_reg_14767|   17|      0|  17|
    |112|    m_operand1_addr_173_reg_14772|   17|      0|  17|
    |113|    m_operand1_addr_174_reg_14777|   17|      0|  17|
    |114|    m_operand1_addr_175_reg_14782|   17|      0|  17|
    |115|    m_operand1_addr_176_reg_14787|   17|      0|  17|
    |116|    m_operand1_addr_177_reg_14792|   17|      0|  17|
    |117|    m_operand1_addr_178_reg_14797|   17|      0|  17|
    |118|    m_operand1_addr_179_reg_14802|   17|      0|  17|
    |119|     m_operand1_addr_17_reg_13992|   17|      0|  17|
    |120|    m_operand1_addr_180_reg_14807|   17|      0|  17|
    |121|    m_operand1_addr_181_reg_14812|   17|      0|  17|
    |122|    m_operand1_addr_182_reg_14817|   17|      0|  17|
    |123|    m_operand1_addr_183_reg_14822|   17|      0|  17|
    |124|    m_operand1_addr_184_reg_14827|   17|      0|  17|
    |125|    m_operand1_addr_185_reg_14832|   17|      0|  17|
    |126|    m_operand1_addr_186_reg_14837|   17|      0|  17|
    |127|    m_operand1_addr_187_reg_14842|   17|      0|  17|
    |128|    m_operand1_addr_188_reg_14847|   17|      0|  17|
    |129|    m_operand1_addr_189_reg_14852|   17|      0|  17|
    |130|     m_operand1_addr_18_reg_13997|   17|      0|  17|
    |131|    m_operand1_addr_190_reg_14857|   17|      0|  17|
    |132|    m_operand1_addr_191_reg_14862|   17|      0|  17|
    |133|    m_operand1_addr_192_reg_14867|   17|      0|  17|
    |134|    m_operand1_addr_193_reg_14872|   17|      0|  17|
    |135|    m_operand1_addr_194_reg_14877|   17|      0|  17|
    |136|    m_operand1_addr_195_reg_14882|   17|      0|  17|
    |137|    m_operand1_addr_196_reg_14887|   17|      0|  17|
    |138|    m_operand1_addr_197_reg_14892|   17|      0|  17|
    |139|    m_operand1_addr_198_reg_14897|   17|      0|  17|
    |140|    m_operand1_addr_199_reg_14902|   17|      0|  17|
    |141|     m_operand1_addr_19_reg_14002|   17|      0|  17|
    |142|      m_operand1_addr_1_reg_13912|   17|      1|  16|
    |143|    m_operand1_addr_200_reg_14907|   17|      0|  17|
    |144|    m_operand1_addr_201_reg_14912|   17|      0|  17|
    |145|    m_operand1_addr_202_reg_14917|   17|      0|  17|
    |146|    m_operand1_addr_203_reg_14922|   17|      0|  17|
    |147|    m_operand1_addr_204_reg_14927|   17|      0|  17|
    |148|    m_operand1_addr_205_reg_14932|   17|      0|  17|
    |149|    m_operand1_addr_206_reg_14937|   17|      0|  17|
    |150|    m_operand1_addr_207_reg_14942|   17|      0|  17|
    |151|    m_operand1_addr_208_reg_14947|   17|      0|  17|
    |152|    m_operand1_addr_209_reg_14952|   17|      0|  17|
    |153|     m_operand1_addr_20_reg_14007|   17|      0|  17|
    |154|    m_operand1_addr_210_reg_14957|   17|      0|  17|
    |155|    m_operand1_addr_211_reg_14962|   17|      0|  17|
    |156|    m_operand1_addr_212_reg_14967|   17|      0|  17|
    |157|    m_operand1_addr_213_reg_14972|   17|      0|  17|
    |158|    m_operand1_addr_214_reg_14977|   17|      0|  17|
    |159|    m_operand1_addr_215_reg_14982|   17|      0|  17|
    |160|    m_operand1_addr_216_reg_14987|   17|      0|  17|
    |161|    m_operand1_addr_217_reg_14992|   17|      0|  17|
    |162|    m_operand1_addr_218_reg_14997|   17|      0|  17|
    |163|    m_operand1_addr_219_reg_15002|   17|      0|  17|
    |164|     m_operand1_addr_21_reg_14012|   17|      0|  17|
    |165|    m_operand1_addr_220_reg_15007|   17|      0|  17|
    |166|    m_operand1_addr_221_reg_15012|   17|      0|  17|
    |167|    m_operand1_addr_222_reg_15017|   17|      0|  17|
    |168|    m_operand1_addr_223_reg_15022|   17|      0|  17|
    |169|    m_operand1_addr_224_reg_15027|   17|      0|  17|
    |170|    m_operand1_addr_225_reg_15032|   17|      0|  17|
    |171|    m_operand1_addr_226_reg_15037|   17|      0|  17|
    |172|    m_operand1_addr_227_reg_15042|   17|      0|  17|
    |173|    m_operand1_addr_228_reg_15047|   17|      0|  17|
    |174|    m_operand1_addr_229_reg_15052|   17|      0|  17|
    |175|     m_operand1_addr_22_reg_14017|   17|      0|  17|
    |176|    m_operand1_addr_230_reg_15057|   17|      0|  17|
    |177|    m_operand1_addr_231_reg_15062|   17|      0|  17|
    |178|    m_operand1_addr_232_reg_15067|   17|      0|  17|
    |179|    m_operand1_addr_233_reg_15072|   17|      0|  17|
    |180|    m_operand1_addr_234_reg_15077|   17|      0|  17|
    |181|    m_operand1_addr_235_reg_15082|   17|      0|  17|
    |182|    m_operand1_addr_236_reg_15087|   17|      0|  17|
    |183|    m_operand1_addr_237_reg_15092|   17|      0|  17|
    |184|    m_operand1_addr_238_reg_15097|   17|      0|  17|
    |185|    m_operand1_addr_239_reg_15102|   17|      0|  17|
    |186|     m_operand1_addr_23_reg_14022|   17|      0|  17|
    |187|    m_operand1_addr_240_reg_15107|   17|      0|  17|
    |188|    m_operand1_addr_241_reg_15112|   17|      0|  17|
    |189|    m_operand1_addr_242_reg_15117|   17|      0|  17|
    |190|    m_operand1_addr_243_reg_15122|   17|      0|  17|
    |191|    m_operand1_addr_244_reg_15127|   17|      0|  17|
    |192|    m_operand1_addr_245_reg_15132|   17|      0|  17|
    |193|    m_operand1_addr_246_reg_15137|   17|      0|  17|
    |194|    m_operand1_addr_247_reg_15142|   17|      0|  17|
    |195|    m_operand1_addr_248_reg_15147|   17|      0|  17|
    |196|    m_operand1_addr_249_reg_15152|   17|      0|  17|
    |197|     m_operand1_addr_24_reg_14027|   17|      0|  17|
    |198|    m_operand1_addr_250_reg_15157|   17|      0|  17|
    |199|    m_operand1_addr_251_reg_15162|   17|      0|  17|
    |200|    m_operand1_addr_252_reg_15167|   17|      0|  17|
    |201|    m_operand1_addr_253_reg_15172|   17|      0|  17|
    |202|    m_operand1_addr_254_reg_15177|   17|      0|  17|
    |203|    m_operand1_addr_255_reg_15182|   17|      0|  17|
    |204|    m_operand1_addr_256_reg_15187|   17|      0|  17|
    |205|    m_operand1_addr_257_reg_15192|   17|      0|  17|
    |206|    m_operand1_addr_258_reg_15197|   17|      0|  17|
    |207|    m_operand1_addr_259_reg_15202|   17|      0|  17|
    |208|     m_operand1_addr_25_reg_14032|   17|      0|  17|
    |209|    m_operand1_addr_260_reg_15207|   17|      0|  17|
    |210|    m_operand1_addr_261_reg_15212|   17|      0|  17|
    |211|    m_operand1_addr_262_reg_15217|   17|      0|  17|
    |212|    m_operand1_addr_263_reg_15222|   17|      0|  17|
    |213|    m_operand1_addr_264_reg_15227|   17|      0|  17|
    |214|    m_operand1_addr_265_reg_15232|   17|      0|  17|
    |215|    m_operand1_addr_266_reg_15237|   17|      0|  17|
    |216|    m_operand1_addr_267_reg_15242|   17|      0|  17|
    |217|    m_operand1_addr_268_reg_15247|   17|      0|  17|
    |218|    m_operand1_addr_269_reg_15252|   17|      0|  17|
    |219|     m_operand1_addr_26_reg_14037|   17|      0|  17|
    |220|    m_operand1_addr_270_reg_15257|   17|      0|  17|
    |221|    m_operand1_addr_271_reg_15262|   17|      0|  17|
    |222|    m_operand1_addr_272_reg_15267|   17|      0|  17|
    |223|    m_operand1_addr_273_reg_15272|   17|      0|  17|
    |224|    m_operand1_addr_274_reg_15277|   17|      0|  17|
    |225|    m_operand1_addr_275_reg_15282|   17|      0|  17|
    |226|    m_operand1_addr_276_reg_15287|   17|      0|  17|
    |227|    m_operand1_addr_277_reg_15292|   17|      0|  17|
    |228|    m_operand1_addr_278_reg_15297|   17|      0|  17|
    |229|    m_operand1_addr_279_reg_15302|   17|      0|  17|
    |230|     m_operand1_addr_27_reg_14042|   17|      0|  17|
    |231|    m_operand1_addr_280_reg_15307|   17|      0|  17|
    |232|    m_operand1_addr_281_reg_15312|   17|      0|  17|
    |233|    m_operand1_addr_282_reg_15317|   17|      0|  17|
    |234|    m_operand1_addr_283_reg_15322|   17|      0|  17|
    |235|    m_operand1_addr_284_reg_15327|   17|      0|  17|
    |236|    m_operand1_addr_285_reg_15332|   17|      0|  17|
    |237|    m_operand1_addr_286_reg_15337|   17|      0|  17|
    |238|    m_operand1_addr_287_reg_15342|   17|      0|  17|
    |239|    m_operand1_addr_288_reg_15347|   17|      0|  17|
    |240|    m_operand1_addr_289_reg_15352|   17|      0|  17|
    |241|     m_operand1_addr_28_reg_14047|   17|      0|  17|
    |242|    m_operand1_addr_290_reg_15357|   17|      0|  17|
    |243|    m_operand1_addr_291_reg_15362|   17|      0|  17|
    |244|    m_operand1_addr_292_reg_15367|   17|      0|  17|
    |245|    m_operand1_addr_293_reg_15372|   17|      0|  17|
    |246|    m_operand1_addr_294_reg_15377|   17|      0|  17|
    |247|    m_operand1_addr_295_reg_15382|   17|      0|  17|
    |248|    m_operand1_addr_296_reg_15387|   17|      0|  17|
    |249|    m_operand1_addr_297_reg_15392|   17|      0|  17|
    |250|    m_operand1_addr_298_reg_15397|   17|      0|  17|
    |251|    m_operand1_addr_299_reg_15402|   17|      0|  17|
    |252|     m_operand1_addr_29_reg_14052|   17|      0|  17|
    |253|      m_operand1_addr_2_reg_13917|   17|      1|  16|
    |254|    m_operand1_addr_300_reg_13852|   17|      0|  17|
    |255|     m_operand1_addr_30_reg_14057|   17|      0|  17|
    |256|     m_operand1_addr_31_reg_14062|   17|      0|  17|
    |257|     m_operand1_addr_32_reg_14067|   17|      0|  17|
    |258|     m_operand1_addr_33_reg_14072|   17|      0|  17|
    |259|     m_operand1_addr_34_reg_14077|   17|      0|  17|
    |260|     m_operand1_addr_35_reg_14082|   17|      0|  17|
    |261|     m_operand1_addr_36_reg_14087|   17|      0|  17|
    |262|     m_operand1_addr_37_reg_14092|   17|      0|  17|
    |263|     m_operand1_addr_38_reg_14097|   17|      0|  17|
    |264|     m_operand1_addr_39_reg_14102|   17|      0|  17|
    |265|      m_operand1_addr_3_reg_13922|   17|      2|  15|
    |266|     m_operand1_addr_40_reg_14107|   17|      0|  17|
    |267|     m_operand1_addr_41_reg_14112|   17|      0|  17|
    |268|     m_operand1_addr_42_reg_14117|   17|      0|  17|
    |269|     m_operand1_addr_43_reg_14122|   17|      0|  17|
    |270|     m_operand1_addr_44_reg_14127|   17|      0|  17|
    |271|     m_operand1_addr_45_reg_14132|   17|      0|  17|
    |272|     m_operand1_addr_46_reg_14137|   17|      0|  17|
    |273|     m_operand1_addr_47_reg_14142|   17|      0|  17|
    |274|     m_operand1_addr_48_reg_14147|   17|      0|  17|
    |275|     m_operand1_addr_49_reg_14152|   17|      0|  17|
    |276|      m_operand1_addr_4_reg_13927|   17|      0|  17|
    |277|     m_operand1_addr_50_reg_14157|   17|      0|  17|
    |278|     m_operand1_addr_51_reg_14162|   17|      0|  17|
    |279|     m_operand1_addr_52_reg_14167|   17|      0|  17|
    |280|     m_operand1_addr_53_reg_14172|   17|      0|  17|
    |281|     m_operand1_addr_54_reg_14177|   17|      0|  17|
    |282|     m_operand1_addr_55_reg_14182|   17|      0|  17|
    |283|     m_operand1_addr_56_reg_14187|   17|      0|  17|
    |284|     m_operand1_addr_57_reg_14192|   17|      0|  17|
    |285|     m_operand1_addr_58_reg_14197|   17|      0|  17|
    |286|     m_operand1_addr_59_reg_14202|   17|      0|  17|
    |287|      m_operand1_addr_5_reg_13932|   17|      0|  17|
    |288|     m_operand1_addr_60_reg_14207|   17|      0|  17|
    |289|     m_operand1_addr_61_reg_14212|   17|      0|  17|
    |290|     m_operand1_addr_62_reg_14217|   17|      0|  17|
    |291|     m_operand1_addr_63_reg_14222|   17|      0|  17|
    |292|     m_operand1_addr_64_reg_14227|   17|      0|  17|
    |293|     m_operand1_addr_65_reg_14232|   17|      0|  17|
    |294|     m_operand1_addr_66_reg_14237|   17|      0|  17|
    |295|     m_operand1_addr_67_reg_14242|   17|      0|  17|
    |296|     m_operand1_addr_68_reg_14247|   17|      0|  17|
    |297|     m_operand1_addr_69_reg_14252|   17|      0|  17|
    |298|      m_operand1_addr_6_reg_13937|   17|      0|  17|
    |299|     m_operand1_addr_70_reg_14257|   17|      0|  17|
    |300|     m_operand1_addr_71_reg_14262|   17|      0|  17|
    |301|     m_operand1_addr_72_reg_14267|   17|      0|  17|
    |302|     m_operand1_addr_73_reg_14272|   17|      0|  17|
    |303|     m_operand1_addr_74_reg_14277|   17|      0|  17|
    |304|     m_operand1_addr_75_reg_14282|   17|      0|  17|
    |305|     m_operand1_addr_76_reg_14287|   17|      0|  17|
    |306|     m_operand1_addr_77_reg_14292|   17|      0|  17|
    |307|     m_operand1_addr_78_reg_14297|   17|      0|  17|
    |308|     m_operand1_addr_79_reg_14302|   17|      0|  17|
    |309|      m_operand1_addr_7_reg_13942|   17|      0|  17|
    |310|     m_operand1_addr_80_reg_14307|   17|      0|  17|
    |311|     m_operand1_addr_81_reg_14312|   17|      0|  17|
    |312|     m_operand1_addr_82_reg_14317|   17|      0|  17|
    |313|     m_operand1_addr_83_reg_14322|   17|      0|  17|
    |314|     m_operand1_addr_84_reg_14327|   17|      0|  17|
    |315|     m_operand1_addr_85_reg_14332|   17|      0|  17|
    |316|     m_operand1_addr_86_reg_14337|   17|      0|  17|
    |317|     m_operand1_addr_87_reg_14342|   17|      0|  17|
    |318|     m_operand1_addr_88_reg_14347|   17|      0|  17|
    |319|     m_operand1_addr_89_reg_14352|   17|      0|  17|
    |320|      m_operand1_addr_8_reg_13947|   17|      0|  17|
    |321|     m_operand1_addr_90_reg_14357|   17|      0|  17|
    |322|     m_operand1_addr_91_reg_14362|   17|      0|  17|
    |323|     m_operand1_addr_92_reg_14367|   17|      0|  17|
    |324|     m_operand1_addr_93_reg_14372|   17|      0|  17|
    |325|     m_operand1_addr_94_reg_14377|   17|      0|  17|
    |326|     m_operand1_addr_95_reg_14382|   17|      0|  17|
    |327|     m_operand1_addr_96_reg_14387|   17|      0|  17|
    |328|     m_operand1_addr_97_reg_14392|   17|      0|  17|
    |329|     m_operand1_addr_98_reg_14397|   17|      0|  17|
    |330|     m_operand1_addr_99_reg_14402|   17|      0|  17|
    |331|      m_operand1_addr_9_reg_13952|   17|      0|  17|
    |332|        m_operand1_addr_reg_13907|   17|      0|  17|
    |333|    m_operand2_addr_300_reg_13873|   17|      0|  17|
    |334|        m_result_addr_1_reg_17621|   17|      0|  17|
    |335|               next_mul_reg_13894|   17|      0|  17|
    |336|                 phi_mul_reg_5961|   17|      0|  17|
    |337|   ptData32_assign_1_rec_reg_5902|   17|      0|  17|
    |338|   ptData32_assign_3_rec_reg_5926|   17|      0|  17|
    |339|  ptData32_assign_4_rec_reg_13868|   17|      0|  17|
    |340|   ptData32_assign_6_rec_reg_5984|   17|      0|  17|
    |341|  ptData32_assign_7_rec_reg_13889|   17|      0|  17|
    |342|  ptData32_assign_8_rec_reg_17637|   17|      0|  17|
    |343|                         reg_6009|   32|      0|  32|
    |344|                         reg_6013|   32|      0|  32|
    |345|                         reg_6017|   32|      0|  32|
    |346|                         reg_6021|   32|      0|  32|
    |347|                         reg_6025|   32|      0|  32|
    |348|                         reg_6029|   32|      0|  32|
    |349|                         reg_6033|   32|      0|  32|
    |350|                         reg_6037|   32|      0|  32|
    |351|                         reg_6041|   32|      0|  32|
    |352|                         reg_6045|   32|      0|  32|
    |353|                         reg_6049|   32|      0|  32|
    |354|                         reg_6053|   32|      0|  32|
    |355|                         reg_6057|   32|      0|  32|
    |356|                         reg_6061|   32|      0|  32|
    |357|                         reg_6065|   32|      0|  32|
    |358|                         reg_6069|   32|      0|  32|
    |359|                         reg_6073|   32|      0|  32|
    |360|                         reg_6077|   32|      0|  32|
    |361|                         reg_6081|   32|      0|  32|
    |362|                         reg_6085|   32|      0|  32|
    |363|                         reg_6089|   32|      0|  32|
    |364|                         reg_6093|   32|      0|  32|
    |365|                         reg_6097|   32|      0|  32|
    |366|                         reg_6101|   32|      0|  32|
    |367|                         reg_6177|   32|      0|  32|
    |368|                         reg_6181|   32|      0|  32|
    |369|                         reg_6185|   32|      0|  32|
    |370|                         reg_6189|   32|      0|  32|
    |371|                         reg_6193|   32|      0|  32|
    |372|                         reg_6197|   32|      0|  32|
    |373|                         reg_6201|   32|      0|  32|
    |374|                         reg_6205|   32|      0|  32|
    |375|                         reg_6209|   32|      0|  32|
    |376|                         reg_6213|   32|      0|  32|
    |377|                         reg_6217|   32|      0|  32|
    |378|                         reg_6221|   32|      0|  32|
    |379|                         reg_6369|   32|      0|  32|
    |380|                         reg_6373|   32|      0|  32|
    |381|                         reg_6377|   32|      0|  32|
    |382|                         reg_6381|   32|      0|  32|
    |383|                         reg_6385|   32|      0|  32|
    |384|                         reg_6389|   32|      0|  32|
    |385|                         reg_6393|   32|      0|  32|
    |386|                         reg_6397|   32|      0|  32|
    |387|                         reg_6401|   32|      0|  32|
    |388|                         reg_6405|   32|      0|  32|
    |389|                         reg_6409|   32|      0|  32|
    |390|                         reg_6413|   32|      0|  32|
    |391|                         reg_6417|   32|      0|  32|
    |392|                         reg_6421|   32|      0|  32|
    |393|                         reg_6425|   32|      0|  32|
    |394|                         reg_6429|   32|      0|  32|
    |395|                         reg_6433|   32|      0|  32|
    |396|                         reg_6437|   32|      0|  32|
    |397|                         reg_6441|   32|      0|  32|
    |398|                         reg_6445|   32|      0|  32|
    |399|                         reg_6449|   32|      0|  32|
    |400|                         reg_6453|   32|      0|  32|
    |401|                         reg_6457|   32|      0|  32|
    |402|                         reg_6461|   32|      0|  32|
    |403|                         reg_6561|   32|      0|  32|
    |404|                         reg_6565|   32|      0|  32|
    |405|                         reg_6569|   32|      0|  32|
    |406|                         reg_6573|   32|      0|  32|
    |407|                         reg_6601|   32|      0|  32|
    |408|                         reg_6605|   32|      0|  32|
    |409|                         reg_6609|   32|      0|  32|
    |410|                         reg_6613|   32|      0|  32|
    |411|                 tmp107_reg_16531|   32|      0|  32|
    |412|                  tmp10_reg_16381|   32|      0|  32|
    |413|                 tmp112_reg_16556|   32|      0|  32|
    |414|                 tmp115_reg_16576|   32|      0|  32|
    |415|                  tmp11_reg_16126|   32|      0|  32|
    |416|                 tmp120_reg_16621|   32|      0|  32|
    |417|                 tmp121_reg_16811|   32|      0|  32|
    |418|                 tmp122_reg_16696|   32|      0|  32|
    |419|                 tmp126_reg_16646|   32|      0|  32|
    |420|                  tmp12_reg_16011|   32|      0|  32|
    |421|                 tmp131_reg_16681|   32|      0|  32|
    |422|                 tmp134_reg_16701|   32|      0|  32|
    |423|                 tmp139_reg_16736|   32|      0|  32|
    |424|                 tmp144_reg_16771|   32|      0|  32|
    |425|                 tmp149_reg_16796|   32|      0|  32|
    |426|                 tmp158_reg_17616|   32|      0|  32|
    |427|                 tmp159_reg_17281|   32|      0|  32|
    |428|                 tmp160_reg_17026|   32|      0|  32|
    |429|                 tmp161_reg_16911|   32|      0|  32|
    |430|                 tmp182_reg_16976|   32|      0|  32|
    |431|                 tmp187_reg_17011|   32|      0|  32|
    |432|                 tmp190_reg_17031|   32|      0|  32|
    |433|                 tmp195_reg_17066|   32|      0|  32|
    |434|                 tmp196_reg_17266|   32|      0|  32|
    |435|                 tmp197_reg_17141|   32|      0|  32|
    |436|                   tmp1_reg_15896|   32|      0|  32|
    |437|                 tmp201_reg_17101|   32|      0|  32|
    |438|                 tmp206_reg_17126|   32|      0|  32|
    |439|                 tmp209_reg_17146|   32|      0|  32|
    |440|                 tmp214_reg_17191|   32|      0|  32|
    |441|                 tmp219_reg_17216|   32|      0|  32|
    |442|                 tmp224_reg_17251|   32|      0|  32|
    |443|                 tmp234_reg_17471|   32|      0|  32|
    |444|                 tmp235_reg_17366|   32|      0|  32|
    |445|                 tmp256_reg_17431|   32|      0|  32|
    |446|                 tmp261_reg_17456|   32|      0|  32|
    |447|                 tmp264_reg_17476|   32|      0|  32|
    |448|                 tmp269_reg_17521|   32|      0|  32|
    |449|                 tmp270_reg_17611|   32|      0|  32|
    |450|                 tmp271_reg_17586|   32|      0|  32|
    |451|                 tmp275_reg_17546|   32|      0|  32|
    |452|                 tmp280_reg_17581|   32|      0|  32|
    |453|                 tmp283_reg_17591|   32|      0|  32|
    |454|                 tmp288_reg_17596|   32|      0|  32|
    |455|                 tmp293_reg_17601|   32|      0|  32|
    |456|                 tmp298_reg_17606|   32|      0|  32|
    |457|                  tmp33_reg_16076|   32|      0|  32|
    |458|                  tmp38_reg_16111|   32|      0|  32|
    |459|                   tmp3_reg_15911|   32|      0|  32|
    |460|                  tmp41_reg_16131|   32|      0|  32|
    |461|                  tmp46_reg_16166|   32|      0|  32|
    |462|                  tmp47_reg_16366|   32|      0|  32|
    |463|                  tmp48_reg_16241|   32|      0|  32|
    |464|                  tmp52_reg_16201|   32|      0|  32|
    |465|                  tmp57_reg_16226|   32|      0|  32|
    |466|                  tmp60_reg_16246|   32|      0|  32|
    |467|                  tmp65_reg_16291|   32|      0|  32|
    |468|                  tmp70_reg_16316|   32|      0|  32|
    |469|                  tmp75_reg_16351|   32|      0|  32|
    |470|                  tmp85_reg_16571|   32|      0|  32|
    |471|                  tmp86_reg_16466|   32|      0|  32|
    |472|                   tmp8_reg_15956|   32|      0|  32|
    |473|                   tmp9_reg_16826|   32|      0|  32|
    |474|                  tmp_1_reg_15811|   17|      0|  17|
    |475|                tmp_5_2_reg_15806|   10|      0|  10|
    +---+---------------------------------+-----+-------+----+
    |  -|                            Total| 9921|     84|9837|
    +---+---------------------------------+-----+-------+----+

    * ShiftMemory: 
    N/A

* Hierarchical Multiplexer Count: 
+---+---------------------------------------------------------------+-----+-----+-------+
| ID|                                                           Name| Size| Bits|  Count|
+---+---------------------------------------------------------------+-----+-----+-------+
|  0|                                                   (This level)|  803|  262|  12038|
|  1|   matrix_mul_mul_32s_32s_32_6_U1 (matrix_mul_mul_32s_32s_32_6)|    -|    -|      0|
|  2|  matrix_mul_mul_32s_32s_32_6_U10 (matrix_mul_mul_32s_32s_32_6)|    -|    -|      0|
|  3|  matrix_mul_mul_32s_32s_32_6_U11 (matrix_mul_mul_32s_32s_32_6)|    -|    -|      0|
|  4|  matrix_mul_mul_32s_32s_32_6_U12 (matrix_mul_mul_32s_32s_32_6)|    -|    -|      0|
|  5|   matrix_mul_mul_32s_32s_32_6_U2 (matrix_mul_mul_32s_32s_32_6)|    -|    -|      0|
|  6|   matrix_mul_mul_32s_32s_32_6_U3 (matrix_mul_mul_32s_32s_32_6)|    -|    -|      0|
|  7|   matrix_mul_mul_32s_32s_32_6_U4 (matrix_mul_mul_32s_32s_32_6)|    -|    -|      0|
|  8|   matrix_mul_mul_32s_32s_32_6_U5 (matrix_mul_mul_32s_32s_32_6)|    -|    -|      0|
|  9|   matrix_mul_mul_32s_32s_32_6_U6 (matrix_mul_mul_32s_32s_32_6)|    -|    -|      0|
| 10|   matrix_mul_mul_32s_32s_32_6_U7 (matrix_mul_mul_32s_32s_32_6)|    -|    -|      0|
| 11|   matrix_mul_mul_32s_32s_32_6_U8 (matrix_mul_mul_32s_32s_32_6)|    -|    -|      0|
| 12|   matrix_mul_mul_32s_32s_32_6_U9 (matrix_mul_mul_32s_32s_32_6)|    -|    -|      0|
+---+---------------------------------------------------------------+-----+-----+-------+
|  -|                                                          Total|  803|  262|  12038|
+---+---------------------------------------------------------------+-----+-----+-------+



================================================================
== Power Estimate
================================================================
* Summary: 
+---+-------------+------+
| ID|         Name| Power|
+---+-------------+------+
|  0|    Component|    83|
|  1|   Expression|  1327|
|  2|         FIFO|     -|
|  3|       Memory|     -|
|  4|  Multiplexer|   390|
|  5|     Register|   983|
|  6|  ShiftMemory|     -|
+---+-------------+------+
|  -|        Total|  2783|
+---+-------------+------+

* Hierarchical Register Count: 
+---+--------------+------+
| ID|          Name| Count|
+---+--------------+------+
|  0|  (This level)|  9837|
+---+--------------+------+
|  -|         Total|  9837|
+---+--------------+------+



================================================================
== Interface Summary
================================================================
* Interfaces: 
+---+--------------------------+--------------------+--------------+------+------------+----------+-----+-----+
| ID|                 RTL Ports|              Object|          Type| Scope| IO Protocol| IO Config|  Dir| Bits|
+---+--------------------------+--------------------+--------------+------+------------+----------+-----+-----+
|  0|                    ap_clk|  matrix_mul::thread|  return value|     -|           -|         -|   in|    1|
|  1|                    ap_rst|                   -|             -|     -|           -|         -|   in|    1|
|  2|          ReadEnablePort_0|    ReadEnablePort_0|       pointer|     -|      ap_vld|         -|  out|    1|
|  3|   ReadEnablePort_0_ap_vld|                   -|             -|     -|           -|         -|  out|    1|
|  4|           ReadEmptyPort_0|     ReadEmptyPort_0|       pointer|     -|     ap_none|         -|   in|    1|
|  5|            ReadDataPort_0|      ReadDataPort_0|       pointer|     -|     ap_none|         -|   in|   32|
|  6|         WriteEnablePort_0|   WriteEnablePort_0|       pointer|     -|      ap_vld|         -|  out|    1|
|  7|  WriteEnablePort_0_ap_vld|                   -|             -|     -|           -|         -|  out|    1|
|  8|           WriteFullPort_0|     WriteFullPort_0|       pointer|     -|     ap_none|         -|   in|    1|
|  9|           WriteDataPort_0|     WriteDataPort_0|       pointer|     -|      ap_vld|         -|  out|   32|
| 10|    WriteDataPort_0_ap_vld|                   -|             -|     -|           -|         -|  out|    1|
| 11|         m_result_address0|            m_result|         array|     -|   ap_memory|         -|  out|   17|
| 12|              m_result_ce0|                   -|             -|     -|           -|         -|  out|    1|
| 13|              m_result_we0|                   -|             -|     -|           -|         -|  out|    1|
| 14|               m_result_d0|                   -|             -|     -|           -|         -|  out|   32|
| 15|               m_result_q0|                   -|             -|     -|           -|         -|   in|   32|
| 16|       m_operand1_address0|          m_operand1|         array|     -|   ap_memory|         -|  out|   17|
| 17|            m_operand1_ce0|                   -|             -|     -|           -|         -|  out|    1|
| 18|            m_operand1_we0|                   -|             -|     -|           -|         -|  out|    1|
| 19|             m_operand1_d0|                   -|             -|     -|           -|         -|  out|   32|
| 20|             m_operand1_q0|                   -|             -|     -|           -|         -|   in|   32|
| 21|       m_operand1_address1|                   -|             -|     -|           -|         -|  out|   17|
| 22|            m_operand1_ce1|                   -|             -|     -|           -|         -|  out|    1|
| 23|             m_operand1_q1|                   -|             -|     -|           -|         -|   in|   32|
| 24|       m_operand2_address0|          m_operand2|         array|     -|   ap_memory|         -|  out|   17|
| 25|            m_operand2_ce0|                   -|             -|     -|           -|         -|  out|    1|
| 26|            m_operand2_we0|                   -|             -|     -|           -|         -|  out|    1|
| 27|             m_operand2_d0|                   -|             -|     -|           -|         -|  out|   32|
| 28|             m_operand2_q0|                   -|             -|     -|           -|         -|   in|   32|
| 29|       m_operand2_address1|                   -|             -|     -|           -|         -|  out|   17|
| 30|            m_operand2_ce1|                   -|             -|     -|           -|         -|  out|    1|
| 31|             m_operand2_q1|                   -|             -|     -|           -|         -|   in|   32|
+---+--------------------------+--------------------+--------------+------+------------+----------+-----+-----+

